Archive member included to satisfy reference by file (symbol)

/opt/gcc-arm-none-eabi-9-2020-q2/bin/../lib/gcc/arm-none-eabi/9.3.1/../../../../arm-none-eabi/lib/thumb/v7e-m+fp/hard/libstdc++_nano.a(atexit_arm.o)
                              build/text_transform.o (__aeabi_atexit)
/opt/gcc-arm-none-eabi-9-2020-q2/bin/../lib/gcc/arm-none-eabi/9.3.1/../../../../arm-none-eabi/lib/thumb/v7e-m+fp/hard/libstdc++_nano.a(class_type_info.o)
                              build/cli.o (vtable for __cxxabiv1::__class_type_info)
/opt/gcc-arm-none-eabi-9-2020-q2/bin/../lib/gcc/arm-none-eabi/9.3.1/../../../../arm-none-eabi/lib/thumb/v7e-m+fp/hard/libstdc++_nano.a(del_op.o)
                              build/cli.o (operator delete(void*))
/opt/gcc-arm-none-eabi-9-2020-q2/bin/../lib/gcc/arm-none-eabi/9.3.1/../../../../arm-none-eabi/lib/thumb/v7e-m+fp/hard/libstdc++_nano.a(del_ops.o)
                              build/cli.o (operator delete(void*, unsigned int))
/opt/gcc-arm-none-eabi-9-2020-q2/bin/../lib/gcc/arm-none-eabi/9.3.1/../../../../arm-none-eabi/lib/thumb/v7e-m+fp/hard/libstdc++_nano.a(new_op.o)
                              build/cli.o (operator new(unsigned int))
/opt/gcc-arm-none-eabi-9-2020-q2/bin/../lib/gcc/arm-none-eabi/9.3.1/../../../../arm-none-eabi/lib/thumb/v7e-m+fp/hard/libstdc++_nano.a(pure.o)
                              build/mcu.o (__cxa_pure_virtual)
/opt/gcc-arm-none-eabi-9-2020-q2/bin/../lib/gcc/arm-none-eabi/9.3.1/../../../../arm-none-eabi/lib/thumb/v7e-m+fp/hard/libstdc++_nano.a(si_class_type_info.o)
                              build/cli.o (vtable for __cxxabiv1::__si_class_type_info)
/opt/gcc-arm-none-eabi-9-2020-q2/bin/../lib/gcc/arm-none-eabi/9.3.1/../../../../arm-none-eabi/lib/thumb/v7e-m+fp/hard/libstdc++_nano.a(tinfo.o)
                              /opt/gcc-arm-none-eabi-9-2020-q2/bin/../lib/gcc/arm-none-eabi/9.3.1/../../../../arm-none-eabi/lib/thumb/v7e-m+fp/hard/libstdc++_nano.a(class_type_info.o) (std::type_info::~type_info())
/opt/gcc-arm-none-eabi-9-2020-q2/bin/../lib/gcc/arm-none-eabi/9.3.1/../../../../arm-none-eabi/lib/thumb/v7e-m+fp/hard/libstdc++_nano.a(tree.o)
                              build/device.o (std::_Rb_tree_increment(std::_Rb_tree_node_base*))
/opt/gcc-arm-none-eabi-9-2020-q2/bin/../lib/gcc/arm-none-eabi/9.3.1/../../../../arm-none-eabi/lib/thumb/v7e-m+fp/hard/libstdc++_nano.a(functexcept.o)
                              build/cli.o (std::__throw_bad_alloc())
/opt/gcc-arm-none-eabi-9-2020-q2/bin/../lib/gcc/arm-none-eabi/9.3.1/../../../../arm-none-eabi/lib/thumb/v7e-m+fp/hard/libstdc++_nano.a(functional.o)
                              build/mcu.o (std::__throw_bad_function_call())
/opt/gcc-arm-none-eabi-9-2020-q2/bin/../lib/gcc/arm-none-eabi/9.3.1/../../../../arm-none-eabi/lib/thumb/v7e-m+fp/hard/libstdc++_nano.a(snprintf_lite.o)
                              /opt/gcc-arm-none-eabi-9-2020-q2/bin/../lib/gcc/arm-none-eabi/9.3.1/../../../../arm-none-eabi/lib/thumb/v7e-m+fp/hard/libstdc++_nano.a(functexcept.o) (__gnu_cxx::__snprintf_lite(char*, unsigned int, char const*, std::__va_list))
/opt/gcc-arm-none-eabi-9-2020-q2/bin/../lib/gcc/arm-none-eabi/9.3.1/../../../../arm-none-eabi/lib/thumb/v7e-m+fp/hard/libstdc++_nano.a(string-inst.o)
                              build/cli.o (std::__cxx11::basic_string<char, std::char_traits<char>, std::allocator<char> >::_M_create(unsigned int&, unsigned int))
/opt/gcc-arm-none-eabi-9-2020-q2/bin/../lib/gcc/arm-none-eabi/9.3.1/../../../../arm-none-eabi/lib/thumb/v7e-m+fp/hard/libstdc++_nano.a(eh_exception.o)
                              /opt/gcc-arm-none-eabi-9-2020-q2/bin/../lib/gcc/arm-none-eabi/9.3.1/../../../../arm-none-eabi/lib/thumb/v7e-m+fp/hard/libstdc++_nano.a(functional.o) (std::exception::~exception())
/opt/gcc-arm-none-eabi-9-2020-q2/bin/../lib/gcc/arm-none-eabi/9.3.1/../../../../arm-none-eabi/lib/thumb/v7e-m+fp/hard/libstdc++_nano.a(eh_terminate.o)
                              /opt/gcc-arm-none-eabi-9-2020-q2/bin/../lib/gcc/arm-none-eabi/9.3.1/../../../../arm-none-eabi/lib/thumb/v7e-m+fp/hard/libstdc++_nano.a(pure.o) (std::terminate())
/opt/gcc-arm-none-eabi-9-2020-q2/bin/../lib/gcc/arm-none-eabi/9.3.1/../../../../arm-none-eabi/lib/thumb/v7e-m+fp/hard/libstdc++_nano.a(eh_unex_handler.o)
                              /opt/gcc-arm-none-eabi-9-2020-q2/bin/../lib/gcc/arm-none-eabi/9.3.1/../../../../arm-none-eabi/lib/thumb/v7e-m+fp/hard/libstdc++_nano.a(eh_terminate.o) (__cxxabiv1::__unexpected_handler)
/opt/gcc-arm-none-eabi-9-2020-q2/bin/../lib/gcc/arm-none-eabi/9.3.1/../../../../arm-none-eabi/lib/thumb/v7e-m+fp/hard/libstdc++_nano.a(new_handler.o)
                              /opt/gcc-arm-none-eabi-9-2020-q2/bin/../lib/gcc/arm-none-eabi/9.3.1/../../../../arm-none-eabi/lib/thumb/v7e-m+fp/hard/libstdc++_nano.a(new_op.o) (std::get_new_handler())
/opt/gcc-arm-none-eabi-9-2020-q2/bin/../lib/gcc/arm-none-eabi/9.3.1/../../../../arm-none-eabi/lib/thumb/v7e-m+fp/hard/libstdc++_nano.a(eh_term_handler.o)
[...]
Memory Configuration

Name             Origin             Length             Attributes
RAM              0x0000000020000000 0x0000000000028000 xrw
FLASH            0x0000000008000000 0x0000000000080000 xr
*default*        0x0000000000000000 0xffffffffffffffff

Linker script and memory map

LOAD /opt/gcc-arm-none-eabi-9-2020-q2/bin/../lib/gcc/arm-none-eabi/9.3.1/thumb/v7e-m+fp/hard/crti.o
LOAD /opt/gcc-arm-none-eabi-9-2020-q2/bin/../lib/gcc/arm-none-eabi/9.3.1/thumb/v7e-m+fp/hard/crtbegin.o
LOAD /opt/gcc-arm-none-eabi-9-2020-q2/bin/../lib/gcc/arm-none-eabi/9.3.1/../../../../arm-none-eabi/lib/thumb/v7e-m+fp/hard/crt0.o
LOAD build/main.o
LOAD build/usb_device.o
LOAD build/usbd_conf.o
LOAD build/usbd_desc.o
LOAD build/usbd_cdc_if.o
LOAD build/stm32l4xx_it.o
LOAD build/stm32l4xx_hal_msp.o
LOAD build/stm32l4xx_hal_pcd.o
LOAD build/stm32l4xx_hal_pcd_ex.o
LOAD build/stm32l4xx_ll_usb.o
LOAD build/stm32l4xx_hal.o
LOAD build/stm32l4xx_hal_i2c.o
LOAD build/stm32l4xx_hal_i2c_ex.o
LOAD build/stm32l4xx_hal_rcc.o
LOAD build/stm32l4xx_hal_rcc_ex.o
LOAD build/stm32l4xx_hal_flash.o
LOAD build/stm32l4xx_hal_flash_ex.o
LOAD build/stm32l4xx_hal_flash_ramfunc.o
LOAD build/stm32l4xx_hal_gpio.o
LOAD build/stm32l4xx_hal_dma.o
LOAD build/stm32l4xx_hal_dma_ex.o
LOAD build/stm32l4xx_hal_pwr.o
LOAD build/stm32l4xx_hal_pwr_ex.o
LOAD build/stm32l4xx_hal_cortex.o
LOAD build/stm32l4xx_hal_exti.o
LOAD build/stm32l4xx_hal_adc.o
LOAD build/stm32l4xx_hal_adc_ex.o
LOAD build/stm32l4xx_hal_uart.o
LOAD build/stm32l4xx_hal_uart_ex.o
LOAD build/stm32l4xx_hal_spi.o
LOAD build/stm32l4xx_hal_spi_ex.o
LOAD build/stm32l4xx_hal_tim.o
LOAD build/stm32l4xx_hal_tim_ex.o
LOAD build/system_stm32l4xx.o
LOAD build/usbd_core.o
LOAD build/usbd_ctlreq.o
LOAD build/usbd_ioreq.o
LOAD build/usbd_cdc.o
LOAD build/cli.o
LOAD build/command.o
LOAD build/history.o
LOAD build/device.o
LOAD build/planner.o
LOAD build/planner_phase.o
LOAD build/directory.o
LOAD build/entry.o
LOAD build/executable.o
LOAD build/file.o
LOAD build/filesystem.o
LOAD build/global_includes.o
LOAD build/globals.o
LOAD build/pin.o
LOAD build/pin_irq.o
LOAD build/irq_handler.o
LOAD build/irq_multi_handler.o
LOAD build/irq_observer.o
LOAD build/config.o
LOAD build/externs.o
LOAD build/settings.o
LOAD build/mcu.o
LOAD build/invocation_wrapper.o
LOAD build/text_transform.o
LOAD build/timer.o
LOAD build/TIM_channel.o
LOAD build/serial_line.o
LOAD build/cdc_vcp.o
LOAD build/startup_stm32l452xx.o
LOAD /opt/gcc-arm-none-eabi-9-2020-q2/bin/../lib/gcc/arm-none-eabi/9.3.1/../../../../arm-none-eabi/lib/thumb/v7e-m+fp/hard/libnosys.a
LOAD /opt/gcc-arm-none-eabi-9-2020-q2/bin/../lib/gcc/arm-none-eabi/9.3.1/../../../../arm-none-eabi/lib/thumb/v7e-m+fp/hard/libstdc++_nano.a
LOAD /opt/gcc-arm-none-eabi-9-2020-q2/bin/../lib/gcc/arm-none-eabi/9.3.1/../../../../arm-none-eabi/lib/thumb/v7e-m+fp/hard/libm.a
LOAD /opt/gcc-arm-none-eabi-9-2020-q2/bin/../lib/gcc/arm-none-eabi/9.3.1/../../../../arm-none-eabi/lib/thumb/v7e-m+fp/hard/libc_nano.a
START GROUP
LOAD /opt/gcc-arm-none-eabi-9-2020-q2/bin/../lib/gcc/arm-none-eabi/9.3.1/thumb/v7e-m+fp/hard/libgcc.a
LOAD /opt/gcc-arm-none-eabi-9-2020-q2/bin/../lib/gcc/arm-none-eabi/9.3.1/../../../../arm-none-eabi/lib/thumb/v7e-m+fp/hard/libc_nano.a
END GROUP
START GROUP
LOAD /opt/gcc-arm-none-eabi-9-2020-q2/bin/../lib/gcc/arm-none-eabi/9.3.1/thumb/v7e-m+fp/hard/libgcc.a
LOAD /opt/gcc-arm-none-eabi-9-2020-q2/bin/../lib/gcc/arm-none-eabi/9.3.1/../../../../arm-none-eabi/lib/thumb/v7e-m+fp/hard/libc_nano.a
LOAD /opt/gcc-arm-none-eabi-9-2020-q2/bin/../lib/gcc/arm-none-eabi/9.3.1/../../../../arm-none-eabi/lib/thumb/v7e-m+fp/hard/libnosys.a
END GROUP
START GROUP
LOAD /opt/gcc-arm-none-eabi-9-2020-q2/bin/../lib/gcc/arm-none-eabi/9.3.1/thumb/v7e-m+fp/hard/libgcc.a
LOAD /opt/gcc-arm-none-eabi-9-2020-q2/bin/../lib/gcc/arm-none-eabi/9.3.1/../../../../arm-none-eabi/lib/thumb/v7e-m+fp/hard/libc_nano.a
LOAD /opt/gcc-arm-none-eabi-9-2020-q2/bin/../lib/gcc/arm-none-eabi/9.3.1/../../../../arm-none-eabi/lib/thumb/v7e-m+fp/hard/libnosys.a
END GROUP
LOAD /opt/gcc-arm-none-eabi-9-2020-q2/bin/../lib/gcc/arm-none-eabi/9.3.1/thumb/v7e-m+fp/hard/crtend.o
LOAD /opt/gcc-arm-none-eabi-9-2020-q2/bin/../lib/gcc/arm-none-eabi/9.3.1/thumb/v7e-m+fp/hard/crtn.o
                0x0000000020028000                _estack = 0x20028000
                0x0000000000000200                _Min_Heap_Size = 0x200
                0x0000000000000400                _Min_Stack_Size = 0x400

.isr_vector     0x0000000008000000      0x198
                0x0000000008000000                . = ALIGN (0x8)
 *(.isr_vector)
 .isr_vector    0x0000000008000000      0x194 build/startup_stm32l452xx.o
                0x0000000008000000                g_pfnVectors
                0x0000000008000198                . = ALIGN (0x8)
 *fill*         0x0000000008000194        0x4 

.text           0x00000000080001a0     0xeeb8
                0x00000000080001a0                . = ALIGN (0x8)
 *(.text)
 .text          0x00000000080001a0       0x40 /opt/gcc-arm-none-eabi-9-2020-q2/bin/../lib/gcc/arm-none-eabi/9.3.1/thumb/v7e-m+fp/hard/crtbegin.o
 .text          0x00000000080001e0       0xa0 /opt/gcc-arm-none-eabi-9-2020-q2/bin/../lib/gcc/arm-none-eabi/9.3.1/../../../../arm-none-eabi/lib/thumb/v7e-m+fp/hard/libc_nano.a(lib_a-memchr.o)
                0x00000000080001e0                memchr
 .text          0x0000000008000280       0x14 /opt/gcc-arm-none-eabi-9-2020-q2/bin/../lib/gcc/arm-none-eabi/9.3.1/../../../../arm-none-eabi/lib/thumb/v7e-m+fp/hard/libc_nano.a(lib_a-strcmp.o)
                0x0000000008000280                strcmp
 .text          0x0000000008000294       0x10 /opt/gcc-arm-none-eabi-9-2020-q2/bin/../lib/gcc/arm-none-eabi/9.3.1/../../../../arm-none-eabi/lib/thumb/v7e-m+fp/hard/libc_nano.a(lib_a-strlen.o)
                0x0000000008000294                strlen
 .text          0x00000000080002a4      0x378 /opt/gcc-arm-none-eabi-9-2020-q2/bin/../lib/gcc/arm-none-eabi/9.3.1/thumb/v7e-m+fp/hard/libgcc.a(_arm_addsubdf3.o)
                0x00000000080002a4                __aeabi_drsub
                0x00000000080002ac                __aeabi_dsub
                0x00000000080002ac                __subdf3
                0x00000000080002b0                __adddf3
                0x00000000080002b0                __aeabi_dadd
                0x0000000008000528                __aeabi_ui2d
                0x0000000008000528                __floatunsidf
                0x0000000008000548                __floatsidf
                0x0000000008000548                __aeabi_i2d
                0x000000000800056c                __extendsfdf2
                0x000000000800056c                __aeabi_f2d
                0x00000000080005b0                __aeabi_ul2d
                0x00000000080005b0                __floatundidf
                0x00000000080005c0                __floatdidf
                0x00000000080005c0                __aeabi_l2d
 .text          0x000000000800061c      0x424 /opt/gcc-arm-none-eabi-9-2020-q2/bin/../lib/gcc/arm-none-eabi/9.3.1/thumb/v7e-m+fp/hard/libgcc.a(_arm_muldivdf3.o)
                0x000000000800061c                __aeabi_dmul
                0x000000000800061c                __muldf3
                0x0000000008000870                __aeabi_ddiv
                0x0000000008000870                __divdf3
 .text          0x0000000008000a40      0x110 /opt/gcc-arm-none-eabi-9-2020-q2/bin/../lib/gcc/arm-none-eabi/9.3.1/thumb/v7e-m+fp/hard/libgcc.a(_arm_cmpdf2.o)
                0x0000000008000a40                __gtdf2
                0x0000000008000a40                __gedf2
                0x0000000008000a48                __ltdf2
                0x0000000008000a48                __ledf2
                0x0000000008000a50                __cmpdf2
                0x0000000008000a50                __eqdf2
                0x0000000008000a50                __nedf2
                0x0000000008000acc                __aeabi_cdrcmple
                0x0000000008000adc                __aeabi_cdcmple
                0x0000000008000adc                __aeabi_cdcmpeq
                0x0000000008000aec                __aeabi_dcmpeq
                0x0000000008000b00                __aeabi_dcmplt
                0x0000000008000b14                __aeabi_dcmple
                0x0000000008000b28                __aeabi_dcmpge
                0x0000000008000b3c                __aeabi_dcmpgt
 .text          0x0000000008000b50       0x2c /opt/gcc-arm-none-eabi-9-2020-q2/bin/../lib/gcc/arm-none-eabi/9.3.1/thumb/v7e-m+fp/hard/libgcc.a(_arm_unorddf2.o)
                0x0000000008000b50                __aeabi_dcmpun
                0x0000000008000b50                __unorddf2
 .text          0x0000000008000b7c       0x50 /opt/gcc-arm-none-eabi-9-2020-q2/bin/../lib/gcc/arm-none-eabi/9.3.1/thumb/v7e-m+fp/hard/libgcc.a(_arm_fixdfsi.o)
                0x0000000008000b7c                __fixdfsi
                0x0000000008000b7c                __aeabi_d2iz
 .text          0x0000000008000bcc       0x30 /opt/gcc-arm-none-eabi-9-2020-q2/bin/../lib/gcc/arm-none-eabi/9.3.1/thumb/v7e-m+fp/hard/libgcc.a(_aeabi_uldivmod.o)
                0x0000000008000bcc                __aeabi_uldivmod
 .text          0x0000000008000bfc      0x2c4 /opt/gcc-arm-none-eabi-9-2020-q2/bin/../lib/gcc/arm-none-eabi/9.3.1/thumb/v7e-m+fp/hard/libgcc.a(_udivmoddi4.o)
                0x0000000008000bfc                __udivmoddi4
 .text          0x0000000008000ec0        0x4 /opt/gcc-arm-none-eabi-9-2020-q2/bin/../lib/gcc/arm-none-eabi/9.3.1/thumb/v7e-m+fp/hard/libgcc.a(_dvmd_tls.o)
                0x0000000008000ec0                __aeabi_ldiv0
                0x0000000008000ec0                __aeabi_idiv0
 *(.text*)
 .text._ZL12MX_GPIO_Initv
                0x0000000008000ec4       0xec build/main.o
 .text.Error_Handler
                0x0000000008000fb0        0x4 build/main.o
                0x0000000008000fb0                Error_Handler
 .text._ZL12MX_ADC1_Initv
                0x0000000008000fb4       0x80 build/main.o
 .text._ZL12MX_I2C1_Initv
                0x0000000008001034       0x54 build/main.o
 .text._ZL20MX_LPUART1_UART_Initv
                0x0000000008001088       0x3c build/main.o
 .text._ZL19MX_USART3_UART_Initv
                0x00000000080010c4       0x38 build/main.o
 .text._ZL12MX_SPI2_Initv
                0x00000000080010fc       0x48 build/main.o
 .text._ZL12MX_TIM2_Initv
                0x0000000008001144       0x68 build/main.o
 .text.SystemClock_Config
                0x00000000080011ac       0xc2 build/main.o
                0x00000000080011ac                SystemClock_Config
 .text.main     0x000000000800126e       0x60 build/main.o
                0x000000000800126e                main
 *fill*         0x00000000080012ce        0x2 
 .text.MX_USB_DEVICE_Init
                0x00000000080012d0       0x54 build/usb_device.o
                0x00000000080012d0                MX_USB_DEVICE_Init
 .text.SystemClockConfig_Resume
                0x0000000008001324        0x8 build/usbd_conf.o
 .text.HAL_PCD_MspInit
                0x000000000800132c       0x7c build/usbd_conf.o
                0x000000000800132c                HAL_PCD_MspInit
 .text.HAL_PCD_SetupStageCallback
                0x00000000080013a8       0x10 build/usbd_conf.o
                0x00000000080013a8                HAL_PCD_SetupStageCallback
 .text.HAL_PCD_DataOutStageCallback
                0x00000000080013b8       0x18 build/usbd_conf.o
                0x00000000080013b8                HAL_PCD_DataOutStageCallback
 .text.HAL_PCD_DataInStageCallback
                0x00000000080013d0       0x16 build/usbd_conf.o
                0x00000000080013d0                HAL_PCD_DataInStageCallback
 .text.HAL_PCD_SOFCallback
                0x00000000080013e6        0xc build/usbd_conf.o
                0x00000000080013e6                HAL_PCD_SOFCallback
 .text.HAL_PCD_ResetCallback
                0x00000000080013f2       0x24 build/usbd_conf.o
                0x00000000080013f2                HAL_PCD_ResetCallback
 *fill*         0x0000000008001416        0x2 
 .text.HAL_PCD_SuspendCallback
                0x0000000008001418       0x20 build/usbd_conf.o
                0x0000000008001418                HAL_PCD_SuspendCallback
 .text.HAL_PCD_ResumeCallback
                0x0000000008001438       0x28 build/usbd_conf.o
                0x0000000008001438                HAL_PCD_ResumeCallback
 .text.USBD_LL_Init
                0x0000000008001460       0x8c build/usbd_conf.o
                0x0000000008001460                USBD_LL_Init
 .text.USBD_LL_Start
                0x00000000080014ec       0x1e build/usbd_conf.o
                0x00000000080014ec                USBD_LL_Start
 .text.USBD_LL_OpenEP
                0x000000000800150a       0x24 build/usbd_conf.o
                0x000000000800150a                USBD_LL_OpenEP
 .text.USBD_LL_CloseEP
                0x000000000800152e       0x1e build/usbd_conf.o
                0x000000000800152e                USBD_LL_CloseEP
 .text.USBD_LL_StallEP
                0x000000000800154c       0x1e build/usbd_conf.o
                0x000000000800154c                USBD_LL_StallEP
 .text.USBD_LL_ClearStallEP
                0x000000000800156a       0x1e build/usbd_conf.o
                0x000000000800156a                USBD_LL_ClearStallEP
 .text.USBD_LL_IsStallEP
                0x0000000008001588       0x2e build/usbd_conf.o
                0x0000000008001588                USBD_LL_IsStallEP
 .text.USBD_LL_SetUSBAddress
                0x00000000080015b6       0x1e build/usbd_conf.o
                0x00000000080015b6                USBD_LL_SetUSBAddress
 .text.USBD_LL_Transmit
                0x00000000080015d4       0x1e build/usbd_conf.o
                0x00000000080015d4                USBD_LL_Transmit
 .text.USBD_LL_PrepareReceive
                0x00000000080015f2       0x1e build/usbd_conf.o
                0x00000000080015f2                USBD_LL_PrepareReceive
 .text.USBD_LL_GetRxDataSize
                0x0000000008001610        0xc build/usbd_conf.o
                0x0000000008001610                USBD_LL_GetRxDataSize
 .text.HAL_PCDEx_LPM_Callback
                0x000000000800161c       0x48 build/usbd_conf.o
                0x000000000800161c                HAL_PCDEx_LPM_Callback
 .text.USBD_FS_DeviceDescriptor
                0x0000000008001664        0xc build/usbd_desc.o
                0x0000000008001664                USBD_FS_DeviceDescriptor
 .text.USBD_FS_LangIDStrDescriptor
                0x0000000008001670        0xc build/usbd_desc.o
                0x0000000008001670                USBD_FS_LangIDStrDescriptor
 .text.USBD_FS_USR_BOSDescriptor
                0x000000000800167c        0xc build/usbd_desc.o
                0x000000000800167c                USBD_FS_USR_BOSDescriptor
 .text.IntToUnicode
                0x0000000008001688       0x38 build/usbd_desc.o
 .text.Get_SerialNum
                0x00000000080016c0       0x34 build/usbd_desc.o
 .text.USBD_FS_SerialStrDescriptor
                0x00000000080016f4       0x14 build/usbd_desc.o
                0x00000000080016f4                USBD_FS_SerialStrDescriptor
 .text.USBD_FS_ProductStrDescriptor
                0x0000000008001708       0x24 build/usbd_desc.o
                0x0000000008001708                USBD_FS_ProductStrDescriptor
 .text.USBD_FS_ManufacturerStrDescriptor
                0x000000000800172c       0x1c build/usbd_desc.o
                0x000000000800172c                USBD_FS_ManufacturerStrDescriptor
 .text.USBD_FS_ConfigStrDescriptor
                0x0000000008001748       0x24 build/usbd_desc.o
                0x0000000008001748                USBD_FS_ConfigStrDescriptor
 .text.USBD_FS_InterfaceStrDescriptor
                0x000000000800176c       0x24 build/usbd_desc.o
                0x000000000800176c                USBD_FS_InterfaceStrDescriptor
 .text.CDC_DeInit_FS
                0x0000000008001790        0x4 build/usbd_cdc_if.o
 .text.CDC_Control_FS
                0x0000000008001794        0x4 build/usbd_cdc_if.o
 .text.CDC_TransmitCplt_FS
                0x0000000008001798        0x4 build/usbd_cdc_if.o
 .text.CDC_Receive_FS
                0x000000000800179c       0x1c build/usbd_cdc_if.o
 .text.CDC_Init_FS
                0x00000000080017b8       0x28 build/usbd_cdc_if.o
 .text.CDC_Transmit_FS
                0x00000000080017e0       0x2c build/usbd_cdc_if.o
                0x00000000080017e0                CDC_Transmit_FS
 .text.NMI_Handler
                0x000000000800180c        0x2 build/stm32l4xx_it.o
                0x000000000800180c                NMI_Handler
 .text.HardFault_Handler
                0x000000000800180e        0x2 build/stm32l4xx_it.o
                0x000000000800180e                HardFault_Handler
 .text.MemManage_Handler
                0x0000000008001810        0x2 build/stm32l4xx_it.o
                0x0000000008001810                MemManage_Handler
 .text.BusFault_Handler
                0x0000000008001812        0x2 build/stm32l4xx_it.o
                0x0000000008001812                BusFault_Handler
 .text.UsageFault_Handler
                0x0000000008001814        0x2 build/stm32l4xx_it.o
                0x0000000008001814                UsageFault_Handler
 .text.SVC_Handler
                0x0000000008001816        0x2 build/stm32l4xx_it.o
                0x0000000008001816                SVC_Handler
 .text.DebugMon_Handler
                0x0000000008001818        0x2 build/stm32l4xx_it.o
                0x0000000008001818                DebugMon_Handler
 .text.PendSV_Handler
                0x000000000800181a        0x2 build/stm32l4xx_it.o
                0x000000000800181a                PendSV_Handler
 .text.SysTick_Handler
                0x000000000800181c        0x8 build/stm32l4xx_it.o
                0x000000000800181c                SysTick_Handler
 .text.USB_IRQHandler
                0x0000000008001824       0x10 build/stm32l4xx_it.o
                0x0000000008001824                USB_IRQHandler
 .text.HAL_MspInit
                0x0000000008001834       0x30 build/stm32l4xx_hal_msp.o
                0x0000000008001834                HAL_MspInit
 .text.HAL_ADC_MspInit
                0x0000000008001864       0x68 build/stm32l4xx_hal_msp.o
                0x0000000008001864                HAL_ADC_MspInit
 .text.HAL_I2C_MspInit
                0x00000000080018cc       0x6c build/stm32l4xx_hal_msp.o
                0x00000000080018cc                HAL_I2C_MspInit
 .text.HAL_UART_MspInit
                0x0000000008001938       0xc0 build/stm32l4xx_hal_msp.o
                0x0000000008001938                HAL_UART_MspInit
 .text.HAL_SPI_MspInit
                0x00000000080019f8       0x70 build/stm32l4xx_hal_msp.o
                0x00000000080019f8                HAL_SPI_MspInit
 .text.HAL_TIM_Base_MspInit
                0x0000000008001a68       0x26 build/stm32l4xx_hal_msp.o
                0x0000000008001a68                HAL_TIM_Base_MspInit
 .text.HAL_PCD_EP_DB_Receive
                0x0000000008001a8e      0x10e build/stm32l4xx_hal_pcd.o
 .text.HAL_PCD_Init
                0x0000000008001b9c      0x11c build/stm32l4xx_hal_pcd.o
                0x0000000008001b9c                HAL_PCD_Init
 .text.HAL_PCD_Start
                0x0000000008001cb8       0x2a build/stm32l4xx_hal_pcd.o
                0x0000000008001cb8                HAL_PCD_Start
 .text.HAL_PCD_EP_DB_Transmit
                0x0000000008001ce2      0x2ce build/stm32l4xx_hal_pcd.o
 .text.PCD_EP_ISR_Handler
                0x0000000008001fb0      0x414 build/stm32l4xx_hal_pcd.o
 .text.HAL_PCD_SetAddress
                0x00000000080023c4       0x28 build/stm32l4xx_hal_pcd.o
                0x00000000080023c4                HAL_PCD_SetAddress
 .text.HAL_PCD_IRQHandler
                0x00000000080023ec      0x1dc build/stm32l4xx_hal_pcd.o
                0x00000000080023ec                HAL_PCD_IRQHandler
 .text.HAL_PCD_EP_Open
                0x00000000080025c8       0x78 build/stm32l4xx_hal_pcd.o
                0x00000000080025c8                HAL_PCD_EP_Open
 .text.HAL_PCD_EP_Close
                0x0000000008002640       0x64 build/stm32l4xx_hal_pcd.o
                0x0000000008002640                HAL_PCD_EP_Close
 .text.HAL_PCD_EP_Receive
                0x00000000080026a4       0x44 build/stm32l4xx_hal_pcd.o
                0x00000000080026a4                HAL_PCD_EP_Receive
 .text.HAL_PCD_EP_GetRxCount
                0x00000000080026e8       0x12 build/stm32l4xx_hal_pcd.o
                0x00000000080026e8                HAL_PCD_EP_GetRxCount
 .text.HAL_PCD_EP_Transmit
                0x00000000080026fa       0x46 build/stm32l4xx_hal_pcd.o
                0x00000000080026fa                HAL_PCD_EP_Transmit
 .text.HAL_PCD_EP_SetStall
                0x0000000008002740       0x78 build/stm32l4xx_hal_pcd.o
                0x0000000008002740                HAL_PCD_EP_SetStall
 .text.HAL_PCD_EP_ClrStall
                0x00000000080027b8       0x76 build/stm32l4xx_hal_pcd.o
                0x00000000080027b8                HAL_PCD_EP_ClrStall
 .text.HAL_PCDEx_PMAConfig
                0x000000000800282e       0x38 build/stm32l4xx_hal_pcd_ex.o
                0x000000000800282e                HAL_PCDEx_PMAConfig
 .text.HAL_PCDEx_ActivateLPM
                0x0000000008002866       0x2c build/stm32l4xx_hal_pcd_ex.o
                0x0000000008002866                HAL_PCDEx_ActivateLPM
 .text.USB_CoreInit
                0x0000000008002892        0xe build/stm32l4xx_ll_usb.o
                0x0000000008002892                USB_CoreInit
 .text.USB_EnableGlobalInt
                0x00000000080028a0       0x12 build/stm32l4xx_ll_usb.o
                0x00000000080028a0                USB_EnableGlobalInt
 .text.USB_DisableGlobalInt
                0x00000000080028b2       0x14 build/stm32l4xx_ll_usb.o
                0x00000000080028b2                USB_DisableGlobalInt
 .text.USB_SetCurrentMode
                0x00000000080028c6        0x4 build/stm32l4xx_ll_usb.o
                0x00000000080028c6                USB_SetCurrentMode
 .text.USB_DevInit
                0x00000000080028ca       0x28 build/stm32l4xx_ll_usb.o
                0x00000000080028ca                USB_DevInit
 .text.USB_ActivateEndpoint
                0x00000000080028f2      0x340 build/stm32l4xx_ll_usb.o
                0x00000000080028f2                USB_ActivateEndpoint
 .text.USB_DeactivateEndpoint
                0x0000000008002c32      0x1d6 build/stm32l4xx_ll_usb.o
                0x0000000008002c32                USB_DeactivateEndpoint
 .text.USB_EPSetStall
                0x0000000008002e08       0x4a build/stm32l4xx_ll_usb.o
                0x0000000008002e08                USB_EPSetStall
 .text.USB_EPClearStall
                0x0000000008002e52       0xa2 build/stm32l4xx_ll_usb.o
                0x0000000008002e52                USB_EPClearStall
 .text.USB_SetDevAddress
                0x0000000008002ef4        0xc build/stm32l4xx_ll_usb.o
                0x0000000008002ef4                USB_SetDevAddress
 .text.USB_DevConnect
                0x0000000008002f00       0x16 build/stm32l4xx_ll_usb.o
                0x0000000008002f00                USB_DevConnect
 .text.USB_DevDisconnect
                0x0000000008002f16       0x10 build/stm32l4xx_ll_usb.o
                0x0000000008002f16                USB_DevDisconnect
 .text.USB_ReadInterrupts
                0x0000000008002f26        0x8 build/stm32l4xx_ll_usb.o
                0x0000000008002f26                USB_ReadInterrupts
 .text.USB_EP0_OutStart
                0x0000000008002f2e        0x4 build/stm32l4xx_ll_usb.o
                0x0000000008002f2e                USB_EP0_OutStart
 .text.USB_WritePMA
                0x0000000008002f32       0x26 build/stm32l4xx_ll_usb.o
                0x0000000008002f32                USB_WritePMA
 .text.USB_EPStartXfer
                0x0000000008002f58      0x7a0 build/stm32l4xx_ll_usb.o
                0x0000000008002f58                USB_EPStartXfer
 .text.USB_ReadPMA
                0x00000000080036f8       0x2e build/stm32l4xx_ll_usb.o
                0x00000000080036f8                USB_ReadPMA
 *fill*         0x0000000008003726        0x2 
 .text.HAL_InitTick
                0x0000000008003728       0x50 build/stm32l4xx_hal.o
                0x0000000008003728                HAL_InitTick
 .text.HAL_Init
                0x0000000008003778       0x1e build/stm32l4xx_hal.o
                0x0000000008003778                HAL_Init
 *fill*         0x0000000008003796        0x2 
 .text.HAL_IncTick
                0x0000000008003798       0x18 build/stm32l4xx_hal.o
                0x0000000008003798                HAL_IncTick
 .text.HAL_GetTick
                0x00000000080037b0        0xc build/stm32l4xx_hal.o
                0x00000000080037b0                HAL_GetTick
 .text.HAL_Delay
                0x00000000080037bc       0x28 build/stm32l4xx_hal.o
                0x00000000080037bc                HAL_Delay
 .text.HAL_I2C_Init
                0x00000000080037e4       0xbc build/stm32l4xx_hal_i2c.o
                0x00000000080037e4                HAL_I2C_Init
 .text.HAL_I2CEx_ConfigAnalogFilter
                0x00000000080038a0       0x5c build/stm32l4xx_hal_i2c_ex.o
                0x00000000080038a0                HAL_I2CEx_ConfigAnalogFilter
 .text.HAL_I2CEx_ConfigDigitalFilter
                0x00000000080038fc       0x58 build/stm32l4xx_hal_i2c_ex.o
                0x00000000080038fc                HAL_I2CEx_ConfigDigitalFilter
 .text.RCC_SetFlashLatencyFromMSIRange
                0x0000000008003954       0x90 build/stm32l4xx_hal_rcc.o
 .text.HAL_RCC_GetSysClockFreq
                0x00000000080039e4       0xb4 build/stm32l4xx_hal_rcc.o
                0x00000000080039e4                HAL_RCC_GetSysClockFreq
 .text.HAL_RCC_OscConfig
                0x0000000008003a98      0x680 build/stm32l4xx_hal_rcc.o
                0x0000000008003a98                HAL_RCC_OscConfig
 .text.HAL_RCC_ClockConfig
                0x0000000008004118      0x15c build/stm32l4xx_hal_rcc.o
                0x0000000008004118                HAL_RCC_ClockConfig
 .text.HAL_RCC_GetHCLKFreq
                0x0000000008004274        0xc build/stm32l4xx_hal_rcc.o
                0x0000000008004274                HAL_RCC_GetHCLKFreq
 .text.HAL_RCC_GetPCLK1Freq
                0x0000000008004280       0x24 build/stm32l4xx_hal_rcc.o
                0x0000000008004280                HAL_RCC_GetPCLK1Freq
 .text.HAL_RCC_GetPCLK2Freq
                0x00000000080042a4       0x24 build/stm32l4xx_hal_rcc.o
                0x00000000080042a4                HAL_RCC_GetPCLK2Freq
 .text.RCCEx_PLLSAI1_Config
                0x00000000080042c8      0x16c build/stm32l4xx_hal_rcc_ex.o
 .text.HAL_RCCEx_PeriphCLKConfig
                0x0000000008004434      0x398 build/stm32l4xx_hal_rcc_ex.o
                0x0000000008004434                HAL_RCCEx_PeriphCLKConfig
 .text.HAL_GPIO_Init
                0x00000000080047cc      0x198 build/stm32l4xx_hal_gpio.o
                0x00000000080047cc                HAL_GPIO_Init
 .text.HAL_GPIO_WritePin
                0x0000000008004964        0xa build/stm32l4xx_hal_gpio.o
                0x0000000008004964                HAL_GPIO_WritePin
 *fill*         0x000000000800496e        0x2 
 .text.HAL_PWREx_GetVoltageRange
                0x0000000008004970       0x10 build/stm32l4xx_hal_pwr_ex.o
                0x0000000008004970                HAL_PWREx_GetVoltageRange
 .text.HAL_PWREx_ControlVoltageScaling
                0x0000000008004980       0x90 build/stm32l4xx_hal_pwr_ex.o
                0x0000000008004980                HAL_PWREx_ControlVoltageScaling
 .text.HAL_PWREx_EnableVddUSB
                0x0000000008004a10       0x10 build/stm32l4xx_hal_pwr_ex.o
                0x0000000008004a10                HAL_PWREx_EnableVddUSB
 .text.HAL_NVIC_SetPriorityGrouping
                0x0000000008004a20       0x24 build/stm32l4xx_hal_cortex.o
                0x0000000008004a20                HAL_NVIC_SetPriorityGrouping
 .text.HAL_NVIC_SetPriority
                0x0000000008004a44       0x68 build/stm32l4xx_hal_cortex.o
                0x0000000008004a44                HAL_NVIC_SetPriority
 .text.HAL_NVIC_EnableIRQ
                0x0000000008004aac       0x1c build/stm32l4xx_hal_cortex.o
                0x0000000008004aac                HAL_NVIC_EnableIRQ
 .text.HAL_SYSTICK_Config
                0x0000000008004ac8       0x2c build/stm32l4xx_hal_cortex.o
                0x0000000008004ac8                HAL_SYSTICK_Config
 .text.HAL_ADC_Init
                0x0000000008004af4      0x1dc build/stm32l4xx_hal_adc.o
                0x0000000008004af4                HAL_ADC_Init
 .text.HAL_ADC_ConfigChannel
                0x0000000008004cd0      0x4c0 build/stm32l4xx_hal_adc.o
                0x0000000008004cd0                HAL_ADC_ConfigChannel
 .text.UART_SetConfig
                0x0000000008005190      0x2e0 build/stm32l4xx_hal_uart.o
                0x0000000008005190                UART_SetConfig
 .text.UART_AdvFeatureConfig
                0x0000000008005470       0xca build/stm32l4xx_hal_uart.o
                0x0000000008005470                UART_AdvFeatureConfig
 .text.UART_WaitOnFlagUntilTimeout
                0x000000000800553a       0xa2 build/stm32l4xx_hal_uart.o
                0x000000000800553a                UART_WaitOnFlagUntilTimeout
 .text.UART_CheckIdleState
                0x00000000080055dc       0x6c build/stm32l4xx_hal_uart.o
                0x00000000080055dc                UART_CheckIdleState
 .text.HAL_UART_Init
                0x0000000008005648       0x62 build/stm32l4xx_hal_uart.o
                0x0000000008005648                HAL_UART_Init
 .text.HAL_SPI_Init
                0x00000000080056aa       0xde build/stm32l4xx_hal_spi.o
                0x00000000080056aa                HAL_SPI_Init
 .text.TIM_TI1_ConfigInputStage
                0x0000000008005788       0x24 build/stm32l4xx_hal_tim.o
 .text.TIM_TI2_ConfigInputStage
                0x00000000080057ac       0x26 build/stm32l4xx_hal_tim.o
 .text.TIM_ITRx_SetConfig
                0x00000000080057d2       0x10 build/stm32l4xx_hal_tim.o
 *fill*         0x00000000080057e2        0x2 
 .text.TIM_Base_SetConfig
                0x00000000080057e4       0x80 build/stm32l4xx_hal_tim.o
                0x00000000080057e4                TIM_Base_SetConfig
 .text.HAL_TIM_Base_Init
                0x0000000008005864       0x60 build/stm32l4xx_hal_tim.o
                0x0000000008005864                HAL_TIM_Base_Init
 .text.TIM_ETR_SetConfig
                0x00000000080058c4       0x18 build/stm32l4xx_hal_tim.o
                0x00000000080058c4                TIM_ETR_SetConfig
 .text.HAL_TIM_ConfigClockSource
                0x00000000080058dc       0xdc build/stm32l4xx_hal_tim.o
                0x00000000080058dc                HAL_TIM_ConfigClockSource
 .text.HAL_TIMEx_MasterConfigSynchronization
                0x00000000080059b8       0x78 build/stm32l4xx_hal_tim_ex.o
                0x00000000080059b8                HAL_TIMEx_MasterConfigSynchronization
 .text.SystemInit
                0x0000000008005a30       0x48 build/system_stm32l4xx.o
                0x0000000008005a30                SystemInit
 .text.USBD_Init
                0x0000000008005a78       0x2e build/usbd_core.o
                0x0000000008005a78                USBD_Init
 .text.USBD_RegisterClass
                0x0000000008005aa6       0x2e build/usbd_core.o
                0x0000000008005aa6                USBD_RegisterClass
 .text.USBD_Start
                0x0000000008005ad4        0x8 build/usbd_core.o
                0x0000000008005ad4                USBD_Start
 .text.USBD_SetClassConfig
                0x0000000008005adc       0x12 build/usbd_core.o
                0x0000000008005adc                USBD_SetClassConfig
 .text.USBD_ClrClassConfig
                0x0000000008005aee       0x10 build/usbd_core.o
                0x0000000008005aee                USBD_ClrClassConfig
 .text.USBD_LL_SetupStage
                0x0000000008005afe       0x58 build/usbd_core.o
                0x0000000008005afe                USBD_LL_SetupStage
 .text.USBD_LL_DataOutStage
                0x0000000008005b56       0x72 build/usbd_core.o
                0x0000000008005b56                USBD_LL_DataOutStage
 .text.USBD_LL_DataInStage
                0x0000000008005bc8       0xb8 build/usbd_core.o
                0x0000000008005bc8                USBD_LL_DataInStage
 .text.USBD_LL_Reset
                0x0000000008005c80       0x52 build/usbd_core.o
                0x0000000008005c80                USBD_LL_Reset
 .text.USBD_LL_SetSpeed
                0x0000000008005cd2        0x6 build/usbd_core.o
                0x0000000008005cd2                USBD_LL_SetSpeed
 .text.USBD_LL_Suspend
                0x0000000008005cd8       0x12 build/usbd_core.o
                0x0000000008005cd8                USBD_LL_Suspend
 .text.USBD_LL_Resume
                0x0000000008005cea       0x16 build/usbd_core.o
                0x0000000008005cea                USBD_LL_Resume
 .text.USBD_LL_SOF
                0x0000000008005d00       0x1c build/usbd_core.o
                0x0000000008005d00                USBD_LL_SOF
 .text.USBD_GetLen
                0x0000000008005d1c       0x12 build/usbd_ctlreq.o
 .text.USBD_SetFeature
                0x0000000008005d2e       0x14 build/usbd_ctlreq.o
 .text.USBD_ParseSetupRequest
                0x0000000008005d42       0x28 build/usbd_ctlreq.o
                0x0000000008005d42                USBD_ParseSetupRequest
 .text.USBD_CtlError
                0x0000000008005d6a       0x14 build/usbd_ctlreq.o
                0x0000000008005d6a                USBD_CtlError
 .text.USBD_GetDescriptor
                0x0000000008005d7e      0x1ac build/usbd_ctlreq.o
 .text.USBD_SetAddress
                0x0000000008005f2a       0x4e build/usbd_ctlreq.o
 .text.USBD_SetConfig
                0x0000000008005f78       0xc4 build/usbd_ctlreq.o
 .text.USBD_GetConfig
                0x000000000800603c       0x3e build/usbd_ctlreq.o
 .text.USBD_GetStatus
                0x000000000800607a       0x38 build/usbd_ctlreq.o
 .text.USBD_ClrFeature
                0x00000000080060b2       0x26 build/usbd_ctlreq.o
 .text.USBD_StdDevReq
                0x00000000080060d8       0x70 build/usbd_ctlreq.o
                0x00000000080060d8                USBD_StdDevReq
 .text.USBD_StdItfReq
                0x0000000008006148       0x68 build/usbd_ctlreq.o
                0x0000000008006148                USBD_StdItfReq
 .text.USBD_StdEPReq
                0x00000000080061b0      0x1e6 build/usbd_ctlreq.o
                0x00000000080061b0                USBD_StdEPReq
 .text.USBD_GetString
                0x0000000008006396       0x36 build/usbd_ctlreq.o
                0x0000000008006396                USBD_GetString
 .text.USBD_CtlSendData
                0x00000000080063cc       0x1a build/usbd_ioreq.o
                0x00000000080063cc                USBD_CtlSendData
 .text.USBD_CtlContinueSendData
                0x00000000080063e6       0x10 build/usbd_ioreq.o
                0x00000000080063e6                USBD_CtlContinueSendData
 .text.USBD_CtlPrepareRx
                0x00000000080063f6       0x1e build/usbd_ioreq.o
                0x00000000080063f6                USBD_CtlPrepareRx
 .text.USBD_CtlContinueRx
                0x0000000008006414       0x10 build/usbd_ioreq.o
                0x0000000008006414                USBD_CtlContinueRx
 .text.USBD_CtlSendStatus
                0x0000000008006424       0x16 build/usbd_ioreq.o
                0x0000000008006424                USBD_CtlSendStatus
 .text.USBD_CtlReceiveStatus
                0x000000000800643a       0x16 build/usbd_ioreq.o
                0x000000000800643a                USBD_CtlReceiveStatus
 .text.USBD_CDC_EP0_RxReady
                0x0000000008006450       0x28 build/usbd_cdc.o
 .text.USBD_CDC_GetFSCfgDesc
                0x0000000008006478        0xc build/usbd_cdc.o
 .text.USBD_CDC_GetHSCfgDesc
                0x0000000008006484        0xc build/usbd_cdc.o
 .text.USBD_CDC_GetOtherSpeedCfgDesc
                0x0000000008006490        0xc build/usbd_cdc.o
 .text.USBD_CDC_GetDeviceQualifierDescriptor
                0x000000000800649c        0xc build/usbd_cdc.o
                0x000000000800649c                USBD_CDC_GetDeviceQualifierDescriptor
 .text.USBD_CDC_DataOut
                0x00000000080064a8       0x2a build/usbd_cdc.o
 .text.USBD_CDC_DataIn
                0x00000000080064d2       0x6a build/usbd_cdc.o
 .text.USBD_CDC_Setup
                0x000000000800653c       0xe0 build/usbd_cdc.o
 .text.USBD_CDC_DeInit
                0x000000000800661c       0x48 build/usbd_cdc.o
 .text.USBD_CDC_Init
                0x0000000008006664       0xc2 build/usbd_cdc.o
 .text.USBD_CDC_RegisterInterface
                0x0000000008006726        0xe build/usbd_cdc.o
                0x0000000008006726                USBD_CDC_RegisterInterface
 .text.USBD_CDC_SetTxBuffer
                0x0000000008006734       0x10 build/usbd_cdc.o
                0x0000000008006734                USBD_CDC_SetTxBuffer
 .text.USBD_CDC_SetRxBuffer
                0x0000000008006744        0xc build/usbd_cdc.o
                0x0000000008006744                USBD_CDC_SetRxBuffer
 .text.USBD_CDC_TransmitPacket
                0x0000000008006750       0x34 build/usbd_cdc.o
                0x0000000008006750                USBD_CDC_TransmitPacket
 .text.USBD_CDC_ReceivePacket
                0x0000000008006784       0x32 build/usbd_cdc.o
                0x0000000008006784                USBD_CDC_ReceivePacket
 .text._ZN17IRQ_observer_base8RegisterEv
                0x00000000080067b6        0x2 build/cli.o
                0x00000000080067b6                IRQ_observer_base::Register()
 .text._ZN12IRQ_observerI3CLIED2Ev
                0x00000000080067b8        0x2 build/cli.o
                0x00000000080067b8                IRQ_observer<CLI>::~IRQ_observer()
                0x00000000080067b8                IRQ_observer<CLI>::~IRQ_observer()
 .text._ZN12IRQ_observerI3CLIE3RunEv
                0x00000000080067ba       0x2c build/cli.o
                0x00000000080067ba                IRQ_observer<CLI>::Run()
 .text._ZN12IRQ_observerI3CLIE17Get_origin_objectEv
                0x00000000080067e6        0x4 build/cli.o
                0x00000000080067e6                IRQ_observer<CLI>::Get_origin_object()
 .text._ZN12IRQ_observerI3CLIED0Ev
                0x00000000080067ea        0xe build/cli.o
                0x00000000080067ea                IRQ_observer<CLI>::~IRQ_observer()
 .text._ZN3CLI28Enable_filesystem_executableEP10Filesystem
                0x00000000080067f8       0x10 build/cli.o
                0x00000000080067f8                CLI::Enable_filesystem_executable(Filesystem*)
 .text._ZStplIcSt11char_traitsIcESaIcEENSt7__cxx1112basic_stringIT_T0_T1_EEPKS5_RKS8_
                0x0000000008006808       0x5c build/cli.o
                0x0000000008006808                std::__cxx11::basic_string<char, std::char_traits<char>, std::allocator<char> > std::operator+<char, std::char_traits<char>, std::allocator<char> >(char const*, std::__cxx11::basic_string<char, std::char_traits<char>, std::allocator<char> > const&)
 .text._ZNSt6vectorIP17IRQ_observer_baseSaIS1_EE17_M_realloc_insertIJRP12IRQ_observerI3CLIEEEEvN9__gnu_cxx17__normal_iteratorIPS1_S3_EEDpOT_
                0x0000000008006864       0xcc build/cli.o
                0x0000000008006864                void std::vector<IRQ_observer_base*, std::allocator<IRQ_observer_base*> >::_M_realloc_insert<IRQ_observer<CLI>*&>(__gnu_cxx::__normal_iterator<IRQ_observer_base**, std::vector<IRQ_observer_base*, std::allocator<IRQ_observer_base*> > >, IRQ_observer<CLI>*&)
 .text._ZNSt6vectorIP17IRQ_observer_baseSaIS1_EE12emplace_backIJRP12IRQ_observerI3CLIEEEERS1_DpOT_
                0x0000000008006930       0x26 build/cli.o
                0x0000000008006930                IRQ_observer_base*& std::vector<IRQ_observer_base*, std::allocator<IRQ_observer_base*> >::emplace_back<IRQ_observer<CLI>*&>(IRQ_observer<CLI>*&)
 *fill*         0x0000000008006956        0x2 
 .text._ZNSt6vectorIP12Command_baseSaIS1_EE17_M_realloc_insertIJP7CommandI3CLIEEEEvN9__gnu_cxx17__normal_iteratorIPS1_S3_EEDpOT_
                0x0000000008006958       0xcc build/cli.o
                0x0000000008006958                void std::vector<Command_base*, std::allocator<Command_base*> >::_M_realloc_insert<Command<CLI>*>(__gnu_cxx::__normal_iterator<Command_base**, std::vector<Command_base*, std::allocator<Command_base*> > >, Command<CLI>*&&)
 .text._ZNSt6vectorIP12Command_baseSaIS1_EE12emplace_backIJP7CommandI3CLIEEEERS1_DpOT_
                0x0000000008006a24       0x26 build/cli.o
                0x0000000008006a24                Command_base*& std::vector<Command_base*, std::allocator<Command_base*> >::emplace_back<Command<CLI>*>(Command<CLI>*&&)
 *fill*         0x0000000008006a4a        0x2 
 .text._ZNSt7__cxx1112basic_stringIcSt11char_traitsIcESaIcEE12_M_constructIPKcEEvT_S8_St20forward_iterator_tag
                0x0000000008006a4c       0x58 build/cli.o
                0x0000000008006a4c                void std::__cxx11::basic_string<char, std::char_traits<char>, std::allocator<char> >::_M_construct<char const*>(char const*, char const*, std::forward_iterator_tag)
 .text._ZN3CLI7ConnectEP11Serial_line
                0x0000000008006aa4       0x88 build/cli.o
                0x0000000008006aa4                CLI::Connect(Serial_line*)
 .text._ZNSt7__cxx1112basic_stringIcSt11char_traitsIcESaIcEE12_M_constructIPcEEvT_S7_St20forward_iterator_tag
                0x0000000008006b2c       0x58 build/cli.o
                0x0000000008006b2c                void std::__cxx11::basic_string<char, std::char_traits<char>, std::allocator<char> >::_M_construct<char*>(char*, char*, std::forward_iterator_tag)
 .text._ZN7CommandI3CLIE8Get_helpB5cxx11Ev
                0x0000000008006b84       0x1e build/cli.o
                0x0000000008006b84                Command<CLI>::Get_help[abi:cxx11]()
 .text._ZN7CommandI3CLIE11Get_commandB5cxx11Ev
                0x0000000008006ba2       0x1e build/cli.o
                0x0000000008006ba2                Command<CLI>::Get_command[abi:cxx11]()
 .text._ZStplIcSt11char_traitsIcESaIcEENSt7__cxx1112basic_stringIT_T0_T1_EERKS8_SA_
                0x0000000008006bc0       0x2a build/cli.o
                0x0000000008006bc0                std::__cxx11::basic_string<char, std::char_traits<char>, std::allocator<char> > std::operator+<char, std::char_traits<char>, std::allocator<char> >(std::__cxx11::basic_string<char, std::char_traits<char>, std::allocator<char> > const&, std::__cxx11::basic_string<char, std::char_traits<char>, std::allocator<char> > const&)
 .text._ZN3CLI8Set_lineENSt7__cxx1112basic_stringIcSt11char_traitsIcESaIcEEE
                0x0000000008006bea       0xc8 build/cli.o
                0x0000000008006bea                CLI::Set_line(std::__cxx11::basic_string<char, std::char_traits<char>, std::allocator<char> >)
 .text._ZN3CLI5PrintENSt7__cxx1112basic_stringIcSt11char_traitsIcESaIcEEE
                0x0000000008006cb2       0x36 build/cli.o
                0x0000000008006cb2                CLI::Print(std::__cxx11::basic_string<char, std::char_traits<char>, std::allocator<char> >)
 .text._ZN3CLI11Redraw_lineEv
                0x0000000008006ce8      0x158 build/cli.o
                0x0000000008006ce8                CLI::Redraw_line()
 .text._ZN3CLI10Clear_lineEv
                0x0000000008006e40       0x80 build/cli.o
                0x0000000008006e40                CLI::Clear_line()
 .text._ZN3CLI21Set_filesystem_prefixENSt7__cxx1112basic_stringIcSt11char_traitsIcESaIcEEE
                0x0000000008006ec0      0x130 build/cli.o
                0x0000000008006ec0                CLI::Set_filesystem_prefix(std::__cxx11::basic_string<char, std::char_traits<char>, std::allocator<char> >)
 .text._ZN9__gnu_cxx12__to_xstringINSt7__cxx1112basic_stringIcSt11char_traitsIcESaIcEEEcEET_PFiPT0_jPKS8_St9__va_listEjSB_z
                0x0000000008006ff0       0x4a build/cli.o
                0x0000000008006ff0                std::__cxx11::basic_string<char, std::char_traits<char>, std::allocator<char> > __gnu_cxx::__to_xstring<std::__cxx11::basic_string<char, std::char_traits<char>, std::allocator<char> >, char>(int (*)(char*, unsigned int, char const*, std::__va_list), unsigned int, char const*, ...)
 *fill*         0x000000000800703a        0x2 
 .text._ZN3CLI4HelpESt6vectorINSt7__cxx1112basic_stringIcSt11char_traitsIcESaIcEEESaIS6_EE
                0x000000000800703c      0x360 build/cli.o
                0x000000000800703c                CLI::Help(std::vector<std::__cxx11::basic_string<char, std::char_traits<char>, std::allocator<char> >, std::allocator<std::__cxx11::basic_string<char, std::char_traits<char>, std::allocator<char> > > >)
 .text._ZN3CLI10Build_infoESt6vectorINSt7__cxx1112basic_stringIcSt11char_traitsIcESaIcEEESaIS6_EE
                0x000000000800739c      0x428 build/cli.o
                0x000000000800739c                CLI::Build_info(std::vector<std::__cxx11::basic_string<char, std::char_traits<char>, std::allocator<char> >, std::allocator<std::__cxx11::basic_string<char, std::char_traits<char>, std::allocator<char> > > >)
 .text._ZNSt6vectorINSt7__cxx1112basic_stringIcSt11char_traitsIcESaIcEEESaIS5_EE17_M_realloc_insertIJRS5_EEEvN9__gnu_cxx17__normal_iteratorIPS5_S7_EEDpOT_
                0x00000000080077c4      0x184 build/cli.o
                0x00000000080077c4                void std::vector<std::__cxx11::basic_string<char, std::char_traits<char>, std::allocator<char> >, std::allocator<std::__cxx11::basic_string<char, std::char_traits<char>, std::allocator<char> > > >::_M_realloc_insert<std::__cxx11::basic_string<char, std::char_traits<char>, std::allocator<char> >&>(__gnu_cxx::__normal_iterator<std::__cxx11::basic_string<char, std::char_traits<char>, std::allocator<char> >*, std::vector<std::__cxx11::basic_string<char, std::char_traits<char>, std::allocator<char> >, std::allocator<std::__cxx11::basic_string<char, std::char_traits<char>, std::allocator<char> > > > >, std::__cxx11::basic_string<char, std::char_traits<char>, std::allocator<char> >&)
 .text._ZNSt6vectorINSt7__cxx1112basic_stringIcSt11char_traitsIcESaIcEEESaIS5_EE12emplace_backIJRS5_EEES9_DpOT_
                0x0000000008007948       0x38 build/cli.o
                0x0000000008007948                std::__cxx11::basic_string<char, std::char_traits<char>, std::allocator<char> >& std::vector<std::__cxx11::basic_string<char, std::char_traits<char>, std::allocator<char> >, std::allocator<std::__cxx11::basic_string<char, std::char_traits<char>, std::allocator<char> > > >::emplace_back<std::__cxx11::basic_string<char, std::char_traits<char>, std::allocator<char> >&>(std::__cxx11::basic_string<char, std::char_traits<char>, std::allocator<char> >&)
 .text._ZN3CLI12Process_lineEv
                0x0000000008007980      0x3c8 build/cli.o
                0x0000000008007980                CLI::Process_line()
 .text._ZNSt6vectorINSt7__cxx1112basic_stringIcSt11char_traitsIcESaIcEEESaIS5_EE17_M_realloc_insertIJRKS5_EEEvN9__gnu_cxx17__normal_iteratorIPS5_S7_EEDpOT_
                0x0000000008007d48      0x184 build/cli.o
                0x0000000008007d48                void std::vector<std::__cxx11::basic_string<char, std::char_traits<char>, std::allocator<char> >, std::allocator<std::__cxx11::basic_string<char, std::char_traits<char>, std::allocator<char> > > >::_M_realloc_insert<std::__cxx11::basic_string<char, std::char_traits<char>, std::allocator<char> > const&>(__gnu_cxx::__normal_iterator<std::__cxx11::basic_string<char, std::char_traits<char>, std::allocator<char> >*, std::vector<std::__cxx11::basic_string<char, std::char_traits<char>, std::allocator<char> >, std::allocator<std::__cxx11::basic_string<char, std::char_traits<char>, std::allocator<char> > > > >, std::__cxx11::basic_string<char, std::char_traits<char>, std::allocator<char> > const&)
 .text._ZN3CLI12AutocompleteENSt7__cxx1112basic_stringIcSt11char_traitsIcESaIcEEE
                0x0000000008007ecc      0x1c8 build/cli.o
                0x0000000008007ecc                CLI::Autocomplete(std::__cxx11::basic_string<char, std::char_traits<char>, std::allocator<char> >)
 .text._ZN3CLI9Char_loadEv
                0x0000000008008094      0x23c build/cli.o
                0x0000000008008094                CLI::Char_load()
 .text._ZN3CLI5StartEv
                0x00000000080082d0      0x228 build/cli.o
                0x00000000080082d0                CLI::Start()
 .text._ZN7CommandI3CLIE6InvokeERSt6vectorINSt7__cxx1112basic_stringIcSt11char_traitsIcESaIcEEESaIS8_EE
                0x00000000080084f8      0x160 build/cli.o
                0x00000000080084f8                Command<CLI>::Invoke(std::vector<std::__cxx11::basic_string<char, std::char_traits<char>, std::allocator<char> >, std::allocator<std::__cxx11::basic_string<char, std::char_traits<char>, std::allocator<char> > > >&)
 .text._ZN11CLI_history6UpdateENSt7__cxx1112basic_stringIcSt11char_traitsIcESaIcEEE
                0x0000000008008658       0xa4 build/history.o
                0x0000000008008658                CLI_history::Update(std::__cxx11::basic_string<char, std::char_traits<char>, std::allocator<char> >)
 .text._ZN11CLI_history13Reset_pointerEv
                0x00000000080086fc        0x6 build/history.o
                0x00000000080086fc                CLI_history::Reset_pointer()
 .text._ZN11CLI_history2UpB5cxx11Ev
                0x0000000008008702       0x9a build/history.o
                0x0000000008008702                CLI_history::Up[abi:cxx11]()
 .text._ZN11CLI_history4DownB5cxx11Ev
                0x000000000800879c       0x58 build/history.o
                0x000000000800879c                CLI_history::Down[abi:cxx11]()
 .text._ZNK8FS_entry3RunERSt6vectorINSt7__cxx1112basic_stringIcSt11char_traitsIcESaIcEEESaIS6_EE
                0x00000000080087f4        0x6 build/device.o
                0x00000000080087f4                FS_entry::Run(std::vector<std::__cxx11::basic_string<char, std::char_traits<char>, std::allocator<char> >, std::allocator<std::__cxx11::basic_string<char, std::char_traits<char>, std::allocator<char> > > >&) const
 *fill*         0x00000000080087fa        0x2 
 .text._ZN8FS_entryD2Ev
                0x00000000080087fc       0x20 build/device.o
                0x00000000080087fc                FS_entry::~FS_entry()
                0x00000000080087fc                FS_entry::~FS_entry()
 .text._ZN8FS_entryD0Ev
                0x000000000800881c       0x28 build/device.o
                0x000000000800881c                FS_entry::~FS_entry()
 .text._ZN6Device4InitEv
                0x0000000008008844        0xa build/device.o
                0x0000000008008844                Device::Init()
 .text._ZN6Device13CLI_availableEv
                0x000000000800884e        0xa build/device.o
                0x000000000800884e                Device::CLI_available()
 .text._ZN6Device20Filesystem_availableEv
                0x0000000008008858        0xa build/device.o
                0x0000000008008858                Device::Filesystem_available()
 *fill*         0x0000000008008862        0x2 
 .text._ZN6Device10Enable_CLIEP11Serial_line
                0x0000000008008864       0xe4 build/device.o
                0x0000000008008864                Device::Enable_CLI(Serial_line*)
 .text._ZN6DeviceC2Ev
                0x0000000008008948       0x70 build/device.o
                0x0000000008008948                Device::Device()
                0x0000000008008948                Device::Device()
 .text._ZN6Device8InstanceEv
                0x00000000080089b8       0x28 build/device.o
                0x00000000080089b8                Device::Instance()
 .text._ZN6Device17Enable_FilesystemEv
                0x00000000080089e0       0xd8 build/device.o
                0x00000000080089e0                Device::Enable_Filesystem()
 .text._ZN9DirectoryD2Ev
                0x0000000008008ab8       0x44 build/directory.o
                0x0000000008008ab8                Directory::~Directory()
                0x0000000008008ab8                Directory::~Directory()
 .text._ZN9DirectoryD0Ev
                0x0000000008008afc       0x14 build/directory.o
                0x0000000008008afc                Directory::~Directory()
 .text._ZNSt6vectorIP8FS_entrySaIS1_EE17_M_realloc_insertIJRS1_EEEvN9__gnu_cxx17__normal_iteratorIPS1_S3_EEDpOT_
                0x0000000008008b10       0xcc build/directory.o
                0x0000000008008b10                void std::vector<FS_entry*, std::allocator<FS_entry*> >::_M_realloc_insert<FS_entry*&>(__gnu_cxx::__normal_iterator<FS_entry**, std::vector<FS_entry*, std::allocator<FS_entry*> > >, FS_entry*&)
 .text._ZNSt6vectorIP8FS_entrySaIS1_EE12emplace_backIJRS1_EEES5_DpOT_
                0x0000000008008bdc       0x26 build/directory.o
                0x0000000008008bdc                FS_entry*& std::vector<FS_entry*, std::allocator<FS_entry*> >::emplace_back<FS_entry*&>(FS_entry*&)
 .text._ZN9Directory9Add_entryEP8FS_entry
                0x0000000008008c02       0x26 build/directory.o
                0x0000000008008c02                Directory::Add_entry(FS_entry*)
 .text._ZN9DirectoryC2ENSt7__cxx1112basic_stringIcSt11char_traitsIcESaIcEEE
                0x0000000008008c28       0x9c build/directory.o
                0x0000000008008c28                Directory::Directory(std::__cxx11::basic_string<char, std::char_traits<char>, std::allocator<char> >)
                0x0000000008008c28                Directory::Directory(std::__cxx11::basic_string<char, std::char_traits<char>, std::allocator<char> >)
 .text._ZNK9Directory9Get_entryENSt7__cxx1112basic_stringIcSt11char_traitsIcESaIcEEE
                0x0000000008008cc4       0x74 build/directory.o
                0x0000000008008cc4                Directory::Get_entry(std::__cxx11::basic_string<char, std::char_traits<char>, std::allocator<char> >) const
 .text._ZN9Directory6ExistsENSt7__cxx1112basic_stringIcSt11char_traitsIcESaIcEEE
                0x0000000008008d38       0x64 build/directory.o
                0x0000000008008d38                Directory::Exists(std::__cxx11::basic_string<char, std::char_traits<char>, std::allocator<char> >)
 .text._ZN9Directory13Content_namesB5cxx11Ev
                0x0000000008008d9c       0x74 build/directory.o
                0x0000000008008d9c                Directory::Content_names[abi:cxx11]()
 .text._ZNK8FS_entry4PathB5cxx11Ev
                0x0000000008008e10      0x214 build/entry.o
                0x0000000008008e10                FS_entry::Path[abi:cxx11]() const
 .text._ZN8FS_entry10Set_parentEPS_
                0x0000000008009024        0xe build/entry.o
                0x0000000008009024                FS_entry::Set_parent(FS_entry*)
 .text._ZN8FS_entry6DeleteEv
                0x0000000008009032        0xa build/entry.o
                0x0000000008009032                FS_entry::Delete()
 .text._ZNSt6vectorINSt7__cxx1112basic_stringIcSt11char_traitsIcESaIcEEESaIS5_EE17_M_realloc_insertIJS5_EEEvN9__gnu_cxx17__normal_iteratorIPS5_S7_EEDpOT_
                0x000000000800903c      0x1b8 build/filesystem.o
                0x000000000800903c                void std::vector<std::__cxx11::basic_string<char, std::char_traits<char>, std::allocator<char> >, std::allocator<std::__cxx11::basic_string<char, std::char_traits<char>, std::allocator<char> > > >::_M_realloc_insert<std::__cxx11::basic_string<char, std::char_traits<char>, std::allocator<char> > >(__gnu_cxx::__normal_iterator<std::__cxx11::basic_string<char, std::char_traits<char>, std::allocator<char> >*, std::vector<std::__cxx11::basic_string<char, std::char_traits<char>, std::allocator<char> >, std::allocator<std::__cxx11::basic_string<char, std::char_traits<char>, std::allocator<char> > > > >, std::__cxx11::basic_string<char, std::char_traits<char>, std::allocator<char> >&&)
 .text._ZNSt6vectorINSt7__cxx1112basic_stringIcSt11char_traitsIcESaIcEEESaIS5_EE12emplace_backIJS5_EEERS5_DpOT_
                0x00000000080091f4       0x58 build/filesystem.o
                0x00000000080091f4                std::__cxx11::basic_string<char, std::char_traits<char>, std::allocator<char> >& std::vector<std::__cxx11::basic_string<char, std::char_traits<char>, std::allocator<char> >, std::allocator<std::__cxx11::basic_string<char, std::char_traits<char>, std::allocator<char> > > >::emplace_back<std::__cxx11::basic_string<char, std::char_traits<char>, std::allocator<char> > >(std::__cxx11::basic_string<char, std::char_traits<char>, std::allocator<char> >&&)
 .text._ZNSt6vectorIP12Command_baseSaIS1_EE17_M_realloc_insertIJP7CommandI10FilesystemEEEEvN9__gnu_cxx17__normal_iteratorIPS1_S3_EEDpOT_
                0x000000000800924c       0xcc build/filesystem.o
                0x000000000800924c                void std::vector<Command_base*, std::allocator<Command_base*> >::_M_realloc_insert<Command<Filesystem>*>(__gnu_cxx::__normal_iterator<Command_base**, std::vector<Command_base*, std::allocator<Command_base*> > >, Command<Filesystem>*&&)
 .text._ZNSt6vectorIP12Command_baseSaIS1_EE12emplace_backIJP7CommandI10FilesystemEEEERS1_DpOT_
                0x0000000008009318       0x26 build/filesystem.o
                0x0000000008009318                Command_base*& std::vector<Command_base*, std::allocator<Command_base*> >::emplace_back<Command<Filesystem>*>(Command<Filesystem>*&&)
 *fill*         0x000000000800933e        0x2 
 .text._ZNSt6vectorINSt7__cxx1112basic_stringIcSt11char_traitsIcESaIcEEESaIS5_EE17_M_realloc_insertIJRA2_KcEEEvN9__gnu_cxx17__normal_iteratorIPS5_S7_EEDpOT_
                0x0000000008009340      0x1bc build/filesystem.o
                0x0000000008009340                void std::vector<std::__cxx11::basic_string<char, std::char_traits<char>, std::allocator<char> >, std::allocator<std::__cxx11::basic_string<char, std::char_traits<char>, std::allocator<char> > > >::_M_realloc_insert<char const (&) [2]>(__gnu_cxx::__normal_iterator<std::__cxx11::basic_string<char, std::char_traits<char>, std::allocator<char> >*, std::vector<std::__cxx11::basic_string<char, std::char_traits<char>, std::allocator<char> >, std::allocator<std::__cxx11::basic_string<char, std::char_traits<char>, std::allocator<char> > > > >, char const (&) [2])
 .text._ZNSt6vectorINSt7__cxx1112basic_stringIcSt11char_traitsIcESaIcEEESaIS5_EE12emplace_backIJRA2_KcEEERS5_DpOT_
                0x00000000080094fc       0x44 build/filesystem.o
                0x00000000080094fc                std::__cxx11::basic_string<char, std::char_traits<char>, std::allocator<char> >& std::vector<std::__cxx11::basic_string<char, std::char_traits<char>, std::allocator<char> >, std::allocator<std::__cxx11::basic_string<char, std::char_traits<char>, std::allocator<char> > > >::emplace_back<char const (&) [2]>(char const (&) [2])
 .text._ZN10Filesystem11Command_pwdESt6vectorINSt7__cxx1112basic_stringIcSt11char_traitsIcESaIcEEESaIS6_EE
                0x0000000008009540       0xcc build/filesystem.o
                0x0000000008009540                Filesystem::Command_pwd(std::vector<std::__cxx11::basic_string<char, std::char_traits<char>, std::allocator<char> >, std::allocator<std::__cxx11::basic_string<char, std::char_traits<char>, std::allocator<char> > > >)
 .text._ZNK10Filesystem13Absolute_pathENSt7__cxx1112basic_stringIcSt11char_traitsIcESaIcEEE
                0x000000000800960c      0x178 build/filesystem.o
                0x000000000800960c                Filesystem::Absolute_path(std::__cxx11::basic_string<char, std::char_traits<char>, std::allocator<char> >) const
 .text._ZN7CommandI10FilesystemE8Get_helpB5cxx11Ev
                0x0000000008009784       0x1e build/filesystem.o
                0x0000000008009784                Command<Filesystem>::Get_help[abi:cxx11]()
 .text._ZN7CommandI10FilesystemE11Get_commandB5cxx11Ev
                0x00000000080097a2       0x1e build/filesystem.o
                0x00000000080097a2                Command<Filesystem>::Get_command[abi:cxx11]()
 .text._ZN10FilesystemC2EP3CLI
                0x00000000080097c0      0x498 build/filesystem.o
                0x00000000080097c0                Filesystem::Filesystem(CLI*)
                0x00000000080097c0                Filesystem::Filesystem(CLI*)
 .text._ZN7CommandI10FilesystemE6InvokeERSt6vectorINSt7__cxx1112basic_stringIcSt11char_traitsIcESaIcEEESaIS8_EE
                0x0000000008009c58      0x160 build/filesystem.o
                0x0000000008009c58                Command<Filesystem>::Invoke(std::vector<std::__cxx11::basic_string<char, std::char_traits<char>, std::allocator<char> >, std::allocator<std::__cxx11::basic_string<char, std::char_traits<char>, std::allocator<char> > > >&)
 .text._ZSt12__niter_baseIPNSt7__cxx1112basic_stringIcSt11char_traitsIcESaIcEEESt6vectorIS5_SaIS5_EEET_N9__gnu_cxx17__normal_iteratorISA_T0_EE
                0x0000000008009db8        0x2 build/filesystem.o
                0x0000000008009db8                std::__cxx11::basic_string<char, std::char_traits<char>, std::allocator<char> >* std::__niter_base<std::__cxx11::basic_string<char, std::char_traits<char>, std::allocator<char> >*, std::vector<std::__cxx11::basic_string<char, std::char_traits<char>, std::allocator<char> >, std::allocator<std::__cxx11::basic_string<char, std::char_traits<char>, std::allocator<char> > > > >(__gnu_cxx::__normal_iterator<std::__cxx11::basic_string<char, std::char_traits<char>, std::allocator<char> >*, std::vector<std::__cxx11::basic_string<char, std::char_traits<char>, std::allocator<char> >, std::allocator<std::__cxx11::basic_string<char, std::char_traits<char>, std::allocator<char> > > > >)
 *fill*         0x0000000008009dba        0x2 
 .text._ZNSt6vectorINSt7__cxx1112basic_stringIcSt11char_traitsIcESaIcEEESaIS5_EE8_M_eraseEN9__gnu_cxx17__normal_iteratorIPS5_S7_EE
                0x0000000008009dbc       0xc0 build/filesystem.o
                0x0000000008009dbc                std::vector<std::__cxx11::basic_string<char, std::char_traits<char>, std::allocator<char> >, std::allocator<std::__cxx11::basic_string<char, std::char_traits<char>, std::allocator<char> > > >::_M_erase(__gnu_cxx::__normal_iterator<std::__cxx11::basic_string<char, std::char_traits<char>, std::allocator<char> >*, std::vector<std::__cxx11::basic_string<char, std::char_traits<char>, std::allocator<char> >, std::allocator<std::__cxx11::basic_string<char, std::char_traits<char>, std::allocator<char> > > > >)
 .text._ZNK10Filesystem9Get_entryESt6vectorINSt7__cxx1112basic_stringIcSt11char_traitsIcESaIcEEESaIS6_EE
                0x0000000008009e7c      0x174 build/filesystem.o
                0x0000000008009e7c                Filesystem::Get_entry(std::vector<std::__cxx11::basic_string<char, std::char_traits<char>, std::allocator<char> >, std::allocator<std::__cxx11::basic_string<char, std::char_traits<char>, std::allocator<char> > > >) const
 .text._ZNK10Filesystem12Entry_existsESt6vectorINSt7__cxx1112basic_stringIcSt11char_traitsIcESaIcEEESaIS6_EE
                0x0000000008009ff0       0xac build/filesystem.o
                0x0000000008009ff0                Filesystem::Entry_exists(std::vector<std::__cxx11::basic_string<char, std::char_traits<char>, std::allocator<char> >, std::allocator<std::__cxx11::basic_string<char, std::char_traits<char>, std::allocator<char> > > >) const
 .text._ZNK10Filesystem17Create_entry_pathENSt7__cxx1112basic_stringIcSt11char_traitsIcESaIcEEE
                0x000000000800a09c      0x1c8 build/filesystem.o
                0x000000000800a09c                Filesystem::Create_entry_path(std::__cxx11::basic_string<char, std::char_traits<char>, std::allocator<char> >) const
 .text._ZNK10Filesystem12Entry_existsENSt7__cxx1112basic_stringIcSt11char_traitsIcESaIcEEE
                0x000000000800a264       0x66 build/filesystem.o
                0x000000000800a264                Filesystem::Entry_exists(std::__cxx11::basic_string<char, std::char_traits<char>, std::allocator<char> >) const
 *fill*         0x000000000800a2ca        0x2 
 .text._ZNK10Filesystem13Command_checkESt6vectorINSt7__cxx1112basic_stringIcSt11char_traitsIcESaIcEEESaIS6_EE
                0x000000000800a2cc      0x250 build/filesystem.o
                0x000000000800a2cc                Filesystem::Command_check(std::vector<std::__cxx11::basic_string<char, std::char_traits<char>, std::allocator<char> >, std::allocator<std::__cxx11::basic_string<char, std::char_traits<char>, std::allocator<char> > > >) const
 .text._ZNK10Filesystem9Get_entryENSt7__cxx1112basic_stringIcSt11char_traitsIcESaIcEEE
                0x000000000800a51c       0x66 build/filesystem.o
                0x000000000800a51c                Filesystem::Get_entry(std::__cxx11::basic_string<char, std::char_traits<char>, std::allocator<char> >) const
 .text._ZN10Filesystem12Set_locationENSt7__cxx1112basic_stringIcSt11char_traitsIcESaIcEEE
                0x000000000800a582       0x66 build/filesystem.o
                0x000000000800a582                Filesystem::Set_location(std::__cxx11::basic_string<char, std::char_traits<char>, std::allocator<char> >)
 .text._ZN10Filesystem10Command_cdESt6vectorINSt7__cxx1112basic_stringIcSt11char_traitsIcESaIcEEESaIS6_EE
                0x000000000800a5e8      0x154 build/filesystem.o
                0x000000000800a5e8                Filesystem::Command_cd(std::vector<std::__cxx11::basic_string<char, std::char_traits<char>, std::allocator<char> >, std::allocator<std::__cxx11::basic_string<char, std::char_traits<char>, std::allocator<char> > > >)
 *fill*         0x000000000800a73c        0x4 
 .text._ZN10Filesystem11Command_catESt6vectorINSt7__cxx1112basic_stringIcSt11char_traitsIcESaIcEEESaIS6_EE
                0x000000000800a740      0x2e0 build/filesystem.o
                0x000000000800a740                Filesystem::Command_cat(std::vector<std::__cxx11::basic_string<char, std::char_traits<char>, std::allocator<char> >, std::allocator<std::__cxx11::basic_string<char, std::char_traits<char>, std::allocator<char> > > >)
 .text._ZN10Filesystem9Add_entryENSt7__cxx1112basic_stringIcSt11char_traitsIcESaIcEEEP8FS_entry
                0x000000000800aa20      0x264 build/filesystem.o
                0x000000000800aa20                Filesystem::Add_entry(std::__cxx11::basic_string<char, std::char_traits<char>, std::allocator<char> >, FS_entry*)
 .text._ZN10Filesystem14Make_directoryENSt7__cxx1112basic_stringIcSt11char_traitsIcESaIcEEE
                0x000000000800ac84       0xc4 build/filesystem.o
                0x000000000800ac84                Filesystem::Make_directory(std::__cxx11::basic_string<char, std::char_traits<char>, std::allocator<char> >)
 .text._ZN10Filesystem7ExecuteERNSt7__cxx1112basic_stringIcSt11char_traitsIcESaIcEEERSt6vectorIS5_SaIS5_EE
                0x000000000800ad48       0xe8 build/filesystem.o
                0x000000000800ad48                Filesystem::Execute(std::__cxx11::basic_string<char, std::char_traits<char>, std::allocator<char> >&, std::vector<std::__cxx11::basic_string<char, std::char_traits<char>, std::allocator<char> >, std::allocator<std::__cxx11::basic_string<char, std::char_traits<char>, std::allocator<char> > > >&)
 .text._ZSt12__niter_baseIPKP8FS_entrySt6vectorIS1_SaIS1_EEET_N9__gnu_cxx17__normal_iteratorIS7_T0_EE
                0x000000000800ae30        0x2 build/filesystem.o
                0x000000000800ae30                FS_entry* const* std::__niter_base<FS_entry* const*, std::vector<FS_entry*, std::allocator<FS_entry*> > >(__gnu_cxx::__normal_iterator<FS_entry* const*, std::vector<FS_entry*, std::allocator<FS_entry*> > >)
 *fill*         0x000000000800ae32        0x2 
 .text._ZN10Filesystem10Command_lsESt6vectorINSt7__cxx1112basic_stringIcSt11char_traitsIcESaIcEEESaIS6_EE
                0x000000000800ae34      0x278 build/filesystem.o
                0x000000000800ae34                Filesystem::Command_ls(std::vector<std::__cxx11::basic_string<char, std::char_traits<char>, std::allocator<char> >, std::allocator<std::__cxx11::basic_string<char, std::char_traits<char>, std::allocator<char> > > >)
 .text._Z6devicev
                0x000000000800b0ac        0x8 build/globals.o
                0x000000000800b0ac                device()
 .text._ZN11IRQ_handler6NotifyEv
                0x000000000800b0b4       0x24 build/irq_handler.o
                0x000000000800b0b4                IRQ_handler::Notify()
 .text._ZN3MCU35Filesystem_interface_initializationEv
                0x000000000800b0d8        0xc build/mcu.o
                0x000000000800b0d8                MCU::Filesystem_interface_initialization()
 .text._ZN3MCU16Init_peripheralsEv
                0x000000000800b0e4       0xb0 build/mcu.o
                0x000000000800b0e4                MCU::Init_peripherals()
 .text._ZN3MCU4InitEv
                0x000000000800b194        0x8 build/mcu.o
                0x000000000800b194                MCU::Init()
 .text._ZNSt8_Rb_treeIN12Colored_text11Text_colorsESt4pairIKS1_NSt7__cxx1112basic_stringIcSt11char_traitsIcESaIcEEEESt10_Select1stISA_ESt4lessIS1_ESaISA_EE8_M_eraseEPSt13_Rb_tree_nodeISA_E
                0x000000000800b19c       0x2e build/text_transform.o
                0x000000000800b19c                std::_Rb_tree<Colored_text::Text_colors, std::pair<Colored_text::Text_colors const, std::__cxx11::basic_string<char, std::char_traits<char>, std::allocator<char> > >, std::_Select1st<std::pair<Colored_text::Text_colors const, std::__cxx11::basic_string<char, std::char_traits<char>, std::allocator<char> > > >, std::less<Colored_text::Text_colors>, std::allocator<std::pair<Colored_text::Text_colors const, std::__cxx11::basic_string<char, std::char_traits<char>, std::allocator<char> > > > >::_M_erase(std::_Rb_tree_node<std::pair<Colored_text::Text_colors const, std::__cxx11::basic_string<char, std::char_traits<char>, std::allocator<char> > > >*)
 .text._ZNSt3mapIN12Colored_text11Text_colorsENSt7__cxx1112basic_stringIcSt11char_traitsIcESaIcEEESt4lessIS1_ESaISt4pairIKS1_S7_EEED2Ev
                0x000000000800b1ca        0xe build/text_transform.o
                0x000000000800b1ca                std::map<Colored_text::Text_colors, std::__cxx11::basic_string<char, std::char_traits<char>, std::allocator<char> >, std::less<Colored_text::Text_colors>, std::allocator<std::pair<Colored_text::Text_colors const, std::__cxx11::basic_string<char, std::char_traits<char>, std::allocator<char> > > > >::~map()
                0x000000000800b1ca                std::map<Colored_text::Text_colors, std::__cxx11::basic_string<char, std::char_traits<char>, std::allocator<char> >, std::less<Colored_text::Text_colors>, std::allocator<std::pair<Colored_text::Text_colors const, std::__cxx11::basic_string<char, std::char_traits<char>, std::allocator<char> > > > >::~map()
 .text._ZNSt7__cxx1112basic_stringIcSt11char_traitsIcESaIcEEC2IS3_EEPKcRKS3_
                0x000000000800b1d8       0x2a build/text_transform.o
                0x000000000800b1d8                std::__cxx11::basic_string<char, std::char_traits<char>, std::allocator<char> >::basic_string<std::allocator<char> >(char const*, std::allocator<char> const&)
                0x000000000800b1d8                std::__cxx11::basic_string<char, std::char_traits<char>, std::allocator<char> >::basic_string<std::allocator<char> >(char const*, std::allocator<char> const&)
 .text._ZNSt8_Rb_treeIN12Colored_text11Text_colorsESt4pairIKS1_NSt7__cxx1112basic_stringIcSt11char_traitsIcESaIcEEEESt10_Select1stISA_ESt4lessIS1_ESaISA_EE24_M_get_insert_unique_posERS3_
                0x000000000800b202       0x54 build/text_transform.o
                0x000000000800b202                std::_Rb_tree<Colored_text::Text_colors, std::pair<Colored_text::Text_colors const, std::__cxx11::basic_string<char, std::char_traits<char>, std::allocator<char> > >, std::_Select1st<std::pair<Colored_text::Text_colors const, std::__cxx11::basic_string<char, std::char_traits<char>, std::allocator<char> > > >, std::less<Colored_text::Text_colors>, std::allocator<std::pair<Colored_text::Text_colors const, std::__cxx11::basic_string<char, std::char_traits<char>, std::allocator<char> > > > >::_M_get_insert_unique_pos(Colored_text::Text_colors const&)
 .text._ZNSt8_Rb_treeIN12Colored_text11Text_colorsESt4pairIKS1_NSt7__cxx1112basic_stringIcSt11char_traitsIcESaIcEEEESt10_Select1stISA_ESt4lessIS1_ESaISA_EE29_M_get_insert_hint_unique_posESt23_Rb_tree_const_iteratorISA_ERS3_
                0x000000000800b256       0xb6 build/text_transform.o
                0x000000000800b256                std::_Rb_tree<Colored_text::Text_colors, std::pair<Colored_text::Text_colors const, std::__cxx11::basic_string<char, std::char_traits<char>, std::allocator<char> > >, std::_Select1st<std::pair<Colored_text::Text_colors const, std::__cxx11::basic_string<char, std::char_traits<char>, std::allocator<char> > > >, std::less<Colored_text::Text_colors>, std::allocator<std::pair<Colored_text::Text_colors const, std::__cxx11::basic_string<char, std::char_traits<char>, std::allocator<char> > > > >::_M_get_insert_hint_unique_pos(std::_Rb_tree_const_iterator<std::pair<Colored_text::Text_colors const, std::__cxx11::basic_string<char, std::char_traits<char>, std::allocator<char> > > >, Colored_text::Text_colors const&)
 .text._ZNSt8_Rb_treeIN12Colored_text11Text_colorsESt4pairIKS1_NSt7__cxx1112basic_stringIcSt11char_traitsIcESaIcEEEESt10_Select1stISA_ESt4lessIS1_ESaISA_EE10_M_insert_IRKSA_NSG_11_Alloc_nodeEEESt17_Rb_tree_iteratorISA_EPSt18_Rb_tree_node_baseSO_OT_RT0_
                0x000000000800b30c       0x6a build/text_transform.o
                0x000000000800b30c                std::_Rb_tree_iterator<std::pair<Colored_text::Text_colors const, std::__cxx11::basic_string<char, std::char_traits<char>, std::allocator<char> > > > std::_Rb_tree<Colored_text::Text_colors, std::pair<Colored_text::Text_colors const, std::__cxx11::basic_string<char, std::char_traits<char>, std::allocator<char> > >, std::_Select1st<std::pair<Colored_text::Text_colors const, std::__cxx11::basic_string<char, std::char_traits<char>, std::allocator<char> > > >, std::less<Colored_text::Text_colors>, std::allocator<std::pair<Colored_text::Text_colors const, std::__cxx11::basic_string<char, std::char_traits<char>, std::allocator<char> > > > >::_M_insert_<std::pair<Colored_text::Text_colors const, std::__cxx11::basic_string<char, std::char_traits<char>, std::allocator<char> > > const&, std::_Rb_tree<Colored_text::Text_colors, std::pair<Colored_text::Text_colors const, std::__cxx11::basic_string<char, std::char_traits<char>, std::allocator<char> > >, std::_Select1st<std::pair<Colored_text::Text_colors const, std::__cxx11::basic_string<char, std::char_traits<char>, std::allocator<char> > > >, std::less<Colored_text::Text_colors>, std::allocator<std::pair<Colored_text::Text_colors const, std::__cxx11::basic_string<char, std::char_traits<char>, std::allocator<char> > > > >::_Alloc_node>(std::_Rb_tree_node_base*, std::_Rb_tree_node_base*, std::pair<Colored_text::Text_colors const, std::__cxx11::basic_string<char, std::char_traits<char>, std::allocator<char> > > const&, std::_Rb_tree<Colored_text::Text_colors, std::pair<Colored_text::Text_colors const, std::__cxx11::basic_string<char, std::char_traits<char>, std::allocator<char> > >, std::_Select1st<std::pair<Colored_text::Text_colors const, std::__cxx11::basic_string<char, std::char_traits<char>, std::allocator<char> > > >, std::less<Colored_text::Text_colors>, std::allocator<std::pair<Colored_text::Text_colors const, std::__cxx11::basic_string<char, std::char_traits<char>, std::allocator<char> > > > >::_Alloc_node&)
 .text._ZNSt8_Rb_treeIN12Colored_text11Text_colorsESt4pairIKS1_NSt7__cxx1112basic_stringIcSt11char_traitsIcESaIcEEEESt10_Select1stISA_ESt4lessIS1_ESaISA_EE17_M_insert_unique_IRKSA_NSG_11_Alloc_nodeEEESt17_Rb_tree_iteratorISA_ESt23_Rb_tree_const_iteratorISA_EOT_RT0_
                0x000000000800b376       0x2e build/text_transform.o
                0x000000000800b376                std::_Rb_tree_iterator<std::pair<Colored_text::Text_colors const, std::__cxx11::basic_string<char, std::char_traits<char>, std::allocator<char> > > > std::_Rb_tree<Colored_text::Text_colors, std::pair<Colored_text::Text_colors const, std::__cxx11::basic_string<char, std::char_traits<char>, std::allocator<char> > >, std::_Select1st<std::pair<Colored_text::Text_colors const, std::__cxx11::basic_string<char, std::char_traits<char>, std::allocator<char> > > >, std::less<Colored_text::Text_colors>, std::allocator<std::pair<Colored_text::Text_colors const, std::__cxx11::basic_string<char, std::char_traits<char>, std::allocator<char> > > > >::_M_insert_unique_<std::pair<Colored_text::Text_colors const, std::__cxx11::basic_string<char, std::char_traits<char>, std::allocator<char> > > const&, std::_Rb_tree<Colored_text::Text_colors, std::pair<Colored_text::Text_colors const, std::__cxx11::basic_string<char, std::char_traits<char>, std::allocator<char> > >, std::_Select1st<std::pair<Colored_text::Text_colors const, std::__cxx11::basic_string<char, std::char_traits<char>, std::allocator<char> > > >, std::less<Colored_text::Text_colors>, std::allocator<std::pair<Colored_text::Text_colors const, std::__cxx11::basic_string<char, std::char_traits<char>, std::allocator<char> > > > >::_Alloc_node>(std::_Rb_tree_const_iterator<std::pair<Colored_text::Text_colors const, std::__cxx11::basic_string<char, std::char_traits<char>, std::allocator<char> > > >, std::pair<Colored_text::Text_colors const, std::__cxx11::basic_string<char, std::char_traits<char>, std::allocator<char> > > const&, std::_Rb_tree<Colored_text::Text_colors, std::pair<Colored_text::Text_colors const, std::__cxx11::basic_string<char, std::char_traits<char>, std::allocator<char> > >, std::_Select1st<std::pair<Colored_text::Text_colors const, std::__cxx11::basic_string<char, std::char_traits<char>, std::allocator<char> > > >, std::less<Colored_text::Text_colors>, std::allocator<std::pair<Colored_text::Text_colors const, std::__cxx11::basic_string<char, std::char_traits<char>, std::allocator<char> > > > >::_Alloc_node&)
 .text._Z41__static_initialization_and_destruction_0ii
                0x000000000800b3a4      0x130 build/text_transform.o
 .text._GLOBAL__sub_I__ZN12Colored_text14Color_sequenceB5cxx11E
                0x000000000800b4d4        0xe build/text_transform.o
 *fill*         0x000000000800b4e2        0x2 
 .text._ZNSt6vectorI11TIM_channelSaIS0_EE17_M_realloc_insertIJS0_EEEvN9__gnu_cxx17__normal_iteratorIPS0_S2_EEDpOT_
                0x000000000800b4e4       0xe4 build/timer.o
                0x000000000800b4e4                void std::vector<TIM_channel, std::allocator<TIM_channel> >::_M_realloc_insert<TIM_channel>(__gnu_cxx::__normal_iterator<TIM_channel*, std::vector<TIM_channel, std::allocator<TIM_channel> > >, TIM_channel&&)
 .text._ZNSt6vectorI11TIM_channelSaIS0_EE12emplace_backIJS0_EEERS0_DpOT_
                0x000000000800b5c8       0x28 build/timer.o
                0x000000000800b5c8                TIM_channel& std::vector<TIM_channel, std::allocator<TIM_channel> >::emplace_back<TIM_channel>(TIM_channel&&)
 .text._ZN5TimerC2EtP17TIM_HandleTypeDefii
                0x000000000800b5f0       0xa0 build/timer.o
                0x000000000800b5f0                Timer::Timer(unsigned short, TIM_HandleTypeDef*, int, int)
                0x000000000800b5f0                Timer::Timer(unsigned short, TIM_HandleTypeDef*, int, int)
 .text._ZN11TIM_channelC2EP5Timerm
                0x000000000800b690        0xa build/TIM_channel.o
                0x000000000800b690                TIM_channel::TIM_channel(Timer*, unsigned long)
                0x000000000800b690                TIM_channel::TIM_channel(Timer*, unsigned long)
 .text._ZN11Serial_line4ReadB5cxx11Ei
                0x000000000800b69a       0x4c build/serial_line.o
                0x000000000800b69a                Serial_line::Read[abi:cxx11](int)
 .text._ZN7USB_CDC7ReceiveEv
                0x000000000800b6e6        0x4 build/cdc_vcp.o
                0x000000000800b6e6                USB_CDC::Receive()
 .text._ZN7USB_CDC7ReceiveEPhj
                0x000000000800b6ea       0x54 build/cdc_vcp.o
                0x000000000800b6ea                USB_CDC::Receive(unsigned char*, unsigned int)
 .text._ZN7USB_CDC4SendENSt7__cxx1112basic_stringIcSt11char_traitsIcESaIcEEE
                0x000000000800b73e       0x16 build/cdc_vcp.o
                0x000000000800b73e                USB_CDC::Send(std::__cxx11::basic_string<char, std::char_traits<char>, std::allocator<char> >)
 .text.Reset_Handler
                0x000000000800b754       0x50 build/startup_stm32l452xx.o
                0x000000000800b754                Reset_Handler
 .text.Default_Handler
                0x000000000800b7a4        0x2 build/startup_stm32l452xx.o
                0x000000000800b7a4                RTC_Alarm_IRQHandler
                0x000000000800b7a4                EXTI2_IRQHandler
                0x000000000800b7a4                TIM1_CC_IRQHandler
                0x000000000800b7a4                TSC_IRQHandler
                0x000000000800b7a4                TAMP_STAMP_IRQHandler
                0x000000000800b7a4                EXTI3_IRQHandler
                0x000000000800b7a4                LPTIM2_IRQHandler
                0x000000000800b7a4                DFSDM1_FLT1_IRQHandler
                0x000000000800b7a4                I2C3_ER_IRQHandler
                0x000000000800b7a4                EXTI0_IRQHandler
                0x000000000800b7a4                I2C2_EV_IRQHandler
                0x000000000800b7a4                CAN1_RX0_IRQHandler
                0x000000000800b7a4                FPU_IRQHandler
                0x000000000800b7a4                TIM1_UP_TIM16_IRQHandler
                0x000000000800b7a4                SPI1_IRQHandler
                0x000000000800b7a4                TIM6_DAC_IRQHandler
                0x000000000800b7a4                DMA2_Channel2_IRQHandler
                0x000000000800b7a4                DMA1_Channel4_IRQHandler
                0x000000000800b7a4                ADC1_IRQHandler
                0x000000000800b7a4                USART3_IRQHandler
                0x000000000800b7a4                DMA1_Channel7_IRQHandler
                0x000000000800b7a4                CAN1_RX1_IRQHandler
                0x000000000800b7a4                DMA2_Channel1_IRQHandler
                0x000000000800b7a4                QUADSPI_IRQHandler
                0x000000000800b7a4                I2C1_EV_IRQHandler
                0x000000000800b7a4                DMA1_Channel6_IRQHandler
                0x000000000800b7a4                UART4_IRQHandler
                0x000000000800b7a4                DMA2_Channel4_IRQHandler
                0x000000000800b7a4                TIM3_IRQHandler
                0x000000000800b7a4                RCC_IRQHandler
                0x000000000800b7a4                TIM1_TRG_COM_IRQHandler
                0x000000000800b7a4                DMA1_Channel1_IRQHandler
                0x000000000800b7a4                Default_Handler
                0x000000000800b7a4                DMA2_Channel7_IRQHandler
                0x000000000800b7a4                EXTI15_10_IRQHandler
                0x000000000800b7a4                SDMMC1_IRQHandler
                0x000000000800b7a4                I2C3_EV_IRQHandler
                0x000000000800b7a4                EXTI9_5_IRQHandler
                0x000000000800b7a4                RTC_WKUP_IRQHandler
                0x000000000800b7a4                PVD_PVM_IRQHandler
                0x000000000800b7a4                SPI2_IRQHandler
                0x000000000800b7a4                CAN1_TX_IRQHandler
                0x000000000800b7a4                DMA2_Channel5_IRQHandler
                0x000000000800b7a4                CRS_IRQHandler
                0x000000000800b7a4                DMA1_Channel5_IRQHandler
                0x000000000800b7a4                EXTI4_IRQHandler
                0x000000000800b7a4                RNG_IRQHandler
                0x000000000800b7a4                DMA1_Channel3_IRQHandler
                0x000000000800b7a4                COMP_IRQHandler
                0x000000000800b7a4                WWDG_IRQHandler
                0x000000000800b7a4                I2C4_EV_IRQHandler
                0x000000000800b7a4                LPUART1_IRQHandler
                0x000000000800b7a4                DMA2_Channel6_IRQHandler
                0x000000000800b7a4                TIM2_IRQHandler
                0x000000000800b7a4                EXTI1_IRQHandler
                0x000000000800b7a4                USART2_IRQHandler
                0x000000000800b7a4                DFSDM1_FLT0_IRQHandler
                0x000000000800b7a4                I2C2_ER_IRQHandler
                0x000000000800b7a4                DMA1_Channel2_IRQHandler
                0x000000000800b7a4                CAN1_SCE_IRQHandler
                0x000000000800b7a4                FLASH_IRQHandler
                0x000000000800b7a4                USART1_IRQHandler
                0x000000000800b7a4                SPI3_IRQHandler
                0x000000000800b7a4                I2C1_ER_IRQHandler
                0x000000000800b7a4                LPTIM1_IRQHandler
                0x000000000800b7a4                I2C4_ER_IRQHandler
                0x000000000800b7a4                SAI1_IRQHandler
                0x000000000800b7a4                DMA2_Channel3_IRQHandler
                0x000000000800b7a4                TIM1_BRK_TIM15_IRQHandler
 .text.__aeabi_atexit
                0x000000000800b7a6        0xa /opt/gcc-arm-none-eabi-9-2020-q2/bin/../lib/gcc/arm-none-eabi/9.3.1/../../../../arm-none-eabi/lib/thumb/v7e-m+fp/hard/libstdc++_nano.a(atexit_arm.o)
                0x000000000800b7a6                __aeabi_atexit
 .text._ZNK10__cxxabiv117__class_type_info11__do_upcastEPKS0_PPv
                0x000000000800b7b0       0x34 /opt/gcc-arm-none-eabi-9-2020-q2/bin/../lib/gcc/arm-none-eabi/9.3.1/../../../../arm-none-eabi/lib/thumb/v7e-m+fp/hard/libstdc++_nano.a(class_type_info.o)
                0x000000000800b7b0                __cxxabiv1::__class_type_info::__do_upcast(__cxxabiv1::__class_type_info const*, void**) const
 .text._ZNK10__cxxabiv117__class_type_info20__do_find_public_srcEiPKvPKS0_S2_
                0x000000000800b7e4        0xc /opt/gcc-arm-none-eabi-9-2020-q2/bin/../lib/gcc/arm-none-eabi/9.3.1/../../../../arm-none-eabi/lib/thumb/v7e-m+fp/hard/libstdc++_nano.a(class_type_info.o)
                0x000000000800b7e4                __cxxabiv1::__class_type_info::__do_find_public_src(int, void const*, __cxxabiv1::__class_type_info const*, void const*) const
 .text._ZN10__cxxabiv117__class_type_infoD2Ev
                0x000000000800b7f0       0x14 /opt/gcc-arm-none-eabi-9-2020-q2/bin/../lib/gcc/arm-none-eabi/9.3.1/../../../../arm-none-eabi/lib/thumb/v7e-m+fp/hard/libstdc++_nano.a(class_type_info.o)
                0x000000000800b7f0                __cxxabiv1::__class_type_info::~__class_type_info()
                0x000000000800b7f0                __cxxabiv1::__class_type_info::~__class_type_info()
 .text._ZN10__cxxabiv117__class_type_infoD0Ev
                0x000000000800b804       0x14 /opt/gcc-arm-none-eabi-9-2020-q2/bin/../lib/gcc/arm-none-eabi/9.3.1/../../../../arm-none-eabi/lib/thumb/v7e-m+fp/hard/libstdc++_nano.a(class_type_info.o)
                0x000000000800b804                __cxxabiv1::__class_type_info::~__class_type_info()
 .text._ZNK10__cxxabiv117__class_type_info12__do_dyncastEiNS0_10__sub_kindEPKS0_PKvS3_S5_RNS0_16__dyncast_resultE
                0x000000000800b818       0x3e /opt/gcc-arm-none-eabi-9-2020-q2/bin/../lib/gcc/arm-none-eabi/9.3.1/../../../../arm-none-eabi/lib/thumb/v7e-m+fp/hard/libstdc++_nano.a(class_type_info.o)
                0x000000000800b818                __cxxabiv1::__class_type_info::__do_dyncast(int, __cxxabiv1::__class_type_info::__sub_kind, __cxxabiv1::__class_type_info const*, void const*, __cxxabiv1::__class_type_info const*, void const*, __cxxabiv1::__class_type_info::__dyncast_result&) const
 .text._ZNK10__cxxabiv117__class_type_info11__do_upcastEPKS0_PKvRNS0_15__upcast_resultE
                0x000000000800b856       0x18 /opt/gcc-arm-none-eabi-9-2020-q2/bin/../lib/gcc/arm-none-eabi/9.3.1/../../../../arm-none-eabi/lib/thumb/v7e-m+fp/hard/libstdc++_nano.a(class_type_info.o)
                0x000000000800b856                __cxxabiv1::__class_type_info::__do_upcast(__cxxabiv1::__class_type_info const*, void const*, __cxxabiv1::__class_type_info::__upcast_result&) const
 .text._ZNK10__cxxabiv117__class_type_info10__do_catchEPKSt9type_infoPPvj
                0x000000000800b86e       0x2a /opt/gcc-arm-none-eabi-9-2020-q2/bin/../lib/gcc/arm-none-eabi/9.3.1/../../../../arm-none-eabi/lib/thumb/v7e-m+fp/hard/libstdc++_nano.a(class_type_info.o)
                0x000000000800b86e                __cxxabiv1::__class_type_info::__do_catch(std::type_info const*, void**, unsigned int) const
 .text._ZdlPv   0x000000000800b898        0x4 /opt/gcc-arm-none-eabi-9-2020-q2/bin/../lib/gcc/arm-none-eabi/9.3.1/../../../../arm-none-eabi/lib/thumb/v7e-m+fp/hard/libstdc++_nano.a(del_op.o)
                0x000000000800b898                operator delete(void*)
 .text._ZdlPvj  0x000000000800b89c        0x4 /opt/gcc-arm-none-eabi-9-2020-q2/bin/../lib/gcc/arm-none-eabi/9.3.1/../../../../arm-none-eabi/lib/thumb/v7e-m+fp/hard/libstdc++_nano.a(del_ops.o)
                0x000000000800b89c                operator delete(void*, unsigned int)
 .text._Znwj    0x000000000800b8a0       0x22 /opt/gcc-arm-none-eabi-9-2020-q2/bin/../lib/gcc/arm-none-eabi/9.3.1/../../../../arm-none-eabi/lib/thumb/v7e-m+fp/hard/libstdc++_nano.a(new_op.o)
                0x000000000800b8a0                operator new(unsigned int)
 .text.__cxa_pure_virtual
                0x000000000800b8c2        0x6 /opt/gcc-arm-none-eabi-9-2020-q2/bin/../lib/gcc/arm-none-eabi/9.3.1/../../../../arm-none-eabi/lib/thumb/v7e-m+fp/hard/libstdc++_nano.a(pure.o)
                0x000000000800b8c2                __cxa_pure_virtual
 .text._ZN10__cxxabiv120__si_class_type_infoD2Ev
                0x000000000800b8c8       0x14 /opt/gcc-arm-none-eabi-9-2020-q2/bin/../lib/gcc/arm-none-eabi/9.3.1/../../../../arm-none-eabi/lib/thumb/v7e-m+fp/hard/libstdc++_nano.a(si_class_type_info.o)
                0x000000000800b8c8                __cxxabiv1::__si_class_type_info::~__si_class_type_info()
                0x000000000800b8c8                __cxxabiv1::__si_class_type_info::~__si_class_type_info()
 .text._ZN10__cxxabiv120__si_class_type_infoD0Ev
                0x000000000800b8dc       0x14 /opt/gcc-arm-none-eabi-9-2020-q2/bin/../lib/gcc/arm-none-eabi/9.3.1/../../../../arm-none-eabi/lib/thumb/v7e-m+fp/hard/libstdc++_nano.a(si_class_type_info.o)
                0x000000000800b8dc                __cxxabiv1::__si_class_type_info::~__si_class_type_info()
 .text._ZNK10__cxxabiv120__si_class_type_info20__do_find_public_srcEiPKvPKNS_17__class_type_infoES2_
                0x000000000800b8f0       0x38 /opt/gcc-arm-none-eabi-9-2020-q2/bin/../lib/gcc/arm-none-eabi/9.3.1/../../../../arm-none-eabi/lib/thumb/v7e-m+fp/hard/libstdc++_nano.a(si_class_type_info.o)
                0x000000000800b8f0                __cxxabiv1::__si_class_type_info::__do_find_public_src(int, void const*, __cxxabiv1::__class_type_info const*, void const*) const
 .text._ZNK10__cxxabiv120__si_class_type_info12__do_dyncastEiNS_17__class_type_info10__sub_kindEPKS1_PKvS4_S6_RNS1_16__dyncast_resultE
                0x000000000800b928       0x74 /opt/gcc-arm-none-eabi-9-2020-q2/bin/../lib/gcc/arm-none-eabi/9.3.1/../../../../arm-none-eabi/lib/thumb/v7e-m+fp/hard/libstdc++_nano.a(si_class_type_info.o)
                0x000000000800b928                __cxxabiv1::__si_class_type_info::__do_dyncast(int, __cxxabiv1::__class_type_info::__sub_kind, __cxxabiv1::__class_type_info const*, void const*, __cxxabiv1::__class_type_info const*, void const*, __cxxabiv1::__class_type_info::__dyncast_result&) const
 .text._ZNK10__cxxabiv120__si_class_type_info11__do_upcastEPKNS_17__class_type_infoEPKvRNS1_15__upcast_resultE
                0x000000000800b99c       0x2a /opt/gcc-arm-none-eabi-9-2020-q2/bin/../lib/gcc/arm-none-eabi/9.3.1/../../../../arm-none-eabi/lib/thumb/v7e-m+fp/hard/libstdc++_nano.a(si_class_type_info.o)
                0x000000000800b99c                __cxxabiv1::__si_class_type_info::__do_upcast(__cxxabiv1::__class_type_info const*, void const*, __cxxabiv1::__class_type_info::__upcast_result&) const
 .text._ZNSt9type_infoD2Ev
                0x000000000800b9c6        0x2 /opt/gcc-arm-none-eabi-9-2020-q2/bin/../lib/gcc/arm-none-eabi/9.3.1/../../../../arm-none-eabi/lib/thumb/v7e-m+fp/hard/libstdc++_nano.a(tinfo.o)
                0x000000000800b9c6                std::type_info::~type_info()
                0x000000000800b9c6                std::type_info::~type_info()
 .text._ZNKSt9type_info14__is_pointer_pEv
                0x000000000800b9c8        0x4 /opt/gcc-arm-none-eabi-9-2020-q2/bin/../lib/gcc/arm-none-eabi/9.3.1/../../../../arm-none-eabi/lib/thumb/v7e-m+fp/hard/libstdc++_nano.a(tinfo.o)
                0x000000000800b9c8                std::type_info::__is_function_p() const
                0x000000000800b9c8                std::type_info::__is_pointer_p() const
 .text._ZNKSt9type_infoeqERKS_
                0x000000000800b9cc       0x2c /opt/gcc-arm-none-eabi-9-2020-q2/bin/../lib/gcc/arm-none-eabi/9.3.1/../../../../arm-none-eabi/lib/thumb/v7e-m+fp/hard/libstdc++_nano.a(tinfo.o)
                0x000000000800b9cc                std::type_info::operator==(std::type_info const&) const
 .text._ZStL25local_Rb_tree_rotate_leftPSt18_Rb_tree_node_baseRS0_
                0x000000000800b9f8       0x2a /opt/gcc-arm-none-eabi-9-2020-q2/bin/../lib/gcc/arm-none-eabi/9.3.1/../../../../arm-none-eabi/lib/thumb/v7e-m+fp/hard/libstdc++_nano.a(tree.o)
 .text._ZStL26local_Rb_tree_rotate_rightPSt18_Rb_tree_node_baseRS0_
                0x000000000800ba22       0x2a /opt/gcc-arm-none-eabi-9-2020-q2/bin/../lib/gcc/arm-none-eabi/9.3.1/../../../../arm-none-eabi/lib/thumb/v7e-m+fp/hard/libstdc++_nano.a(tree.o)
 .text._ZStL23local_Rb_tree_decrementPSt18_Rb_tree_node_base